Component: Arm Compiler for Embedded 6.22 Tool: armlink [5ee90200]

==============================================================================

Section Cross References

    main_rko.o(.text) refers (Special) to _printf_percent.o(.ARM.Collect$$_printf_percent$$00000000) for _printf_percent
    main_rko.o(.text) refers (Special) to _printf_pad.o(.text) for _printf_pre_padding
    main_rko.o(.text) refers (Special) to _printf_i.o(.ARM.Collect$$_printf_percent$$00000008) for _printf_i
    main_rko.o(.text) refers (Special) to _printf_f.o(.ARM.Collect$$_printf_percent$$00000003) for _printf_f
    main_rko.o(.text) refers (Special) to _printf_dec.o(.text) for _printf_int_dec
    main_rko.o(.text) refers (Special) to printf1.o(x$fpl$printf1) for _printf_fp_dec
    main_rko.o(.text.menu) refers (Special) to _printf_percent.o(.ARM.Collect$$_printf_percent$$00000000) for _printf_percent
    main_rko.o(.text.menu) refers (Special) to _printf_pad.o(.text) for _printf_pre_padding
    main_rko.o(.text.menu) refers (Special) to _printf_i.o(.ARM.Collect$$_printf_percent$$00000008) for _printf_i
    main_rko.o(.text.menu) refers (Special) to _printf_f.o(.ARM.Collect$$_printf_percent$$00000003) for _printf_f
    main_rko.o(.text.menu) refers (Special) to _printf_dec.o(.text) for _printf_int_dec
    main_rko.o(.text.menu) refers (Special) to printf1.o(x$fpl$printf1) for _printf_fp_dec
    main_rko.o(.text.menu) refers to my_functions.o(.text.send_Line1) for send_Line1
    main_rko.o(.text.menu) refers to my_functions.o(.text.send_Line2) for send_Line2
    main_rko.o(.text.menu) refers to main_rko.o(.bss.Choice) for Choice
    main_rko.o(.text.menu) refers to main_rko.o(.rodata.str1.1) for [Anonymous Symbol]
    main_rko.o(.ARM.exidx.text.menu) refers (Special) to _printf_percent.o(.ARM.Collect$$_printf_percent$$00000000) for _printf_percent
    main_rko.o(.ARM.exidx.text.menu) refers (Special) to _printf_pad.o(.text) for _printf_pre_padding
    main_rko.o(.ARM.exidx.text.menu) refers (Special) to _printf_i.o(.ARM.Collect$$_printf_percent$$00000008) for _printf_i
    main_rko.o(.ARM.exidx.text.menu) refers (Special) to _printf_f.o(.ARM.Collect$$_printf_percent$$00000003) for _printf_f
    main_rko.o(.ARM.exidx.text.menu) refers (Special) to _printf_dec.o(.text) for _printf_int_dec
    main_rko.o(.ARM.exidx.text.menu) refers (Special) to printf1.o(x$fpl$printf1) for _printf_fp_dec
    main_rko.o(.ARM.exidx.text.menu) refers to main_rko.o(.text.menu) for [Anonymous Symbol]
    main_rko.o(.text.MATHS1) refers (Special) to _printf_percent.o(.ARM.Collect$$_printf_percent$$00000000) for _printf_percent
    main_rko.o(.text.MATHS1) refers (Special) to _printf_pad.o(.text) for _printf_pre_padding
    main_rko.o(.text.MATHS1) refers (Special) to _printf_i.o(.ARM.Collect$$_printf_percent$$00000008) for _printf_i
    main_rko.o(.text.MATHS1) refers (Special) to _printf_f.o(.ARM.Collect$$_printf_percent$$00000003) for _printf_f
    main_rko.o(.text.MATHS1) refers (Special) to _printf_dec.o(.text) for _printf_int_dec
    main_rko.o(.text.MATHS1) refers (Special) to printf1.o(x$fpl$printf1) for _printf_fp_dec
    main_rko.o(.text.MATHS1) refers to main_rko.o(.bss.RunValStore) for RunValStore
    main_rko.o(.text.MATHS1) refers to rt_memmove_w.o(.text) for __aeabi_memmove4
    main_rko.o(.text.MATHS1) refers to main_rko.o(.bss.CounterSwitch) for CounterSwitch
    main_rko.o(.text.MATHS1) refers to main_rko.o(.bss.LineHasGoneUp) for LineHasGoneUp
    main_rko.o(.text.MATHS1) refers to main_rko.o(.bss.Counter) for Counter
    main_rko.o(.text.MATHS1) refers to main_rko.o(.rodata.str1.1) for .L.str.11
    main_rko.o(.text.MATHS1) refers to my_led.o(.text.LED_ON) for LED_ON
    main_rko.o(.text.MATHS1) refers to main_rko.o(.bss.StopLoop) for StopLoop
    main_rko.o(.text.MATHS1) refers to my_functions.o(.text.Shortbuzz) for Shortbuzz
    main_rko.o(.text.MATHS1) refers to my_led.o(.text.LED_OFF) for LED_OFF
    main_rko.o(.text.MATHS1) refers to roundf.o(i.__hardfp_roundf) for __hardfp_roundf
    main_rko.o(.text.MATHS1) refers to main_rko.o(.bss.Average) for Average
    main_rko.o(.text.MATHS1) refers to main_rko.o(.bss.Counter3) for Counter3
    main_rko.o(.text.MATHS1) refers to main_rko.o(.bss.temp) for temp
    main_rko.o(.text.MATHS1) refers to noretval__2sprintf.o(.text) for __2sprintf
    main_rko.o(.text.MATHS1) refers to my_functions.o(.text.send_Line1) for send_Line1
    main_rko.o(.text.MATHS1) refers to main_rko.o(.bss.AverageVal) for AverageVal
    main_rko.o(.text.MATHS1) refers to my_functions.o(.text.send_Line2) for send_Line2
    main_rko.o(.ARM.exidx.text.MATHS1) refers (Special) to _printf_percent.o(.ARM.Collect$$_printf_percent$$00000000) for _printf_percent
    main_rko.o(.ARM.exidx.text.MATHS1) refers (Special) to _printf_pad.o(.text) for _printf_pre_padding
[...]
    defsig_fpe_inner.o(.text) refers to defsig_general.o(.text) for __default_signal_display
    defsig_rtred_inner.o(.text) refers to defsig_general.o(.text) for __default_signal_display
    defsig_stak_inner.o(.text) refers to defsig_general.o(.text) for __default_signal_display
    defsig_pvfn_inner.o(.text) refers to defsig_general.o(.text) for __default_signal_display
    defsig_cppl_inner.o(.text) refers to defsig_general.o(.text) for __default_signal_display
    defsig_segv_inner.o(.text) refers to defsig_general.o(.text) for __default_signal_display
    defsig_other.o(.text) refers to defsig_general.o(.text) for __default_signal_display


==============================================================================

Removing Unused input sections from the image.

    Removing main_rko.o(.text), (0 bytes).
    Removing main_rko.o(.ARM.exidx.text.menu), (8 bytes).
    Removing main_rko.o(.ARM.exidx.text.MATHS1), (8 bytes).
    Removing main_rko.o(.text.Conversion), (124 bytes).
    Removing main_rko.o(.ARM.exidx.text.Conversion), (8 bytes).
    Removing main_rko.o(.ARM.exidx.text.main), (8 bytes).
    Removing main_rko.o(.ARM.exidx.text.TIM2_IRQHandler), (8 bytes).
    Removing main_rko.o(.bss.FlipFlop), (4 bytes).
    Removing main_rko.o(.bss.CounterEnable), (4 bytes).
    Removing main_rko.o(.bss.BuzzStopLoop1), (4 bytes).
    Removing main_rko.o(.bss.BuzzStopLoop2), (4 bytes).
    Removing main_rko.o(.ARM.use_no_argv), (4 bytes).
    Removing lcd.o(.text), (0 bytes).
    Removing lcd.o(.text.lcd_delayus), (74 bytes).
    Removing lcd.o(.ARM.exidx.text.lcd_delayus), (8 bytes).
    Removing lcd.o(.text.WaitLcdBusy), (68 bytes).
    Removing lcd.o(.ARM.exidx.text.WaitLcdBusy), (8 bytes).
    Removing lcd.o(.text.set_LCD_data), (18 bytes).
    Removing lcd.o(.ARM.exidx.text.set_LCD_data), (8 bytes).
    Removing lcd.o(.text.LCD_strobe), (130 bytes).
    Removing lcd.o(.ARM.exidx.text.LCD_strobe), (8 bytes).
    Removing lcd.o(.ARM.exidx.text.cmdLCD), (8 bytes).
    Removing lcd.o(.ARM.exidx.text.putLCD), (8 bytes).
    Removing lcd.o(.ARM.exidx.text.initLCD), (8 bytes).
    Removing my_adc.o(.text), (0 bytes).
    Removing my_adc.o(.ARM.exidx.text.ADC_SETUP), (8 bytes).
    Removing my_adc.o(.ARM.exidx.text.ADCstartconv), (8 bytes).
    Removing my_adc.o(.ARM.exidx.text.ADCout), (8 bytes).
    Removing my_led.o(.text), (0 bytes).
    Removing my_led.o(.ARM.exidx.text.LED_SETUP), (8 bytes).
    Removing my_led.o(.ARM.exidx.text.LED_ON), (8 bytes).
    Removing my_led.o(.ARM.exidx.text.LED_OFF), (8 bytes).
    Removing my_functions.o(.text), (0 bytes).
    Removing my_functions.o(.ARM.exidx.text.send_Line1), (8 bytes).
    Removing my_functions.o(.ARM.exidx.text.send_Line2), (8 bytes).
    Removing my_functions.o(.ARM.exidx.text.getNum), (8 bytes).
    Removing my_functions.o(.text.debounce), (16 bytes).
    Removing my_functions.o(.ARM.exidx.text.debounce), (8 bytes).
    Removing my_functions.o(.ARM.exidx.text.menu_debounce), (8 bytes).
    Removing my_functions.o(.ARM.exidx.text.Shortbuzz), (8 bytes).
    Removing my_functions.o(.ARM.exidx.text.init), (8 bytes).
    Removing usart.o(.text), (0 bytes).
    Removing usart.o(.text.init_USART), (1682 bytes).
    Removing usart.o(.ARM.exidx.text.init_USART), (8 bytes).
    Removing usart.o(.text.send_usart), (140 bytes).
    Removing usart.o(.ARM.exidx.text.send_usart), (8 bytes).
    Removing my_switch.o(.text), (0 bytes).
    Removing my_switch.o(.ARM.exidx.text.createSwitch), (8 bytes).
    Removing my_switch.o(.ARM.exidx.text.Switch), (8 bytes).
    Removing timers.o(.text), (0 bytes).
    Removing timers.o(.text.PLL_Config), (120 bytes).
    Removing timers.o(.ARM.exidx.text.PLL_Config), (8 bytes).
    Removing timers.o(.ARM.exidx.text.timer_init), (8 bytes).
    Removing my_dac.o(.text), (0 bytes).
    Removing my_dac.o(.ARM.exidx.text.init_DAC), (8 bytes).
    Removing my_dac.o(.text.send_dac), (12 bytes).
    Removing my_dac.o(.ARM.exidx.text.send_dac), (8 bytes).
    Removing my_dac.o(.text.Ramp_Output), (56 bytes).
    Removing my_dac.o(.ARM.exidx.text.Ramp_Output), (8 bytes).
    Removing my_dac.o(.bss.m), (4 bytes).
    Removing system_stm32f4xx.o(.text), (0 bytes).
    Removing system_stm32f4xx.o(.ARM.exidx.text.SystemInit), (8 bytes).
    Removing system_stm32f4xx.o(.ARM.exidx.text.SystemCoreClockUpdate), (8 bytes).
    Removing system_stm32f4xx.o(.rodata.APBPrescTable), (8 bytes).

64 unused section(s) (total 2760 bytes) removed from the image.

==============================================================================

Image Symbol Table

    Local Symbols

    Symbol Name                              Value     Ov Type        Size  Object(Section)

    ../clib/angel/boardlib.s                 0x00000000   Number         0  boardinit1.o ABSOLUTE
    ../clib/angel/boardlib.s                 0x00000000   Number         0  boardinit2.o ABSOLUTE
    ../clib/angel/boardlib.s                 0x00000000   Number         0  boardinit3.o ABSOLUTE
    ../clib/angel/boardlib.s                 0x00000000   Number         0  boardshut.o ABSOLUTE
    ../clib/angel/handlers.s                 0x00000000   Number         0  __scatter_copy.o ABSOLUTE
    ../clib/angel/handlers.s                 0x00000000   Number         0  __scatter_zi.o ABSOLUTE
    ../clib/angel/kernel.s                   0x00000000   Number         0  __rtentry.o ABSOLUTE
    ../clib/angel/kernel.s                   0x00000000   Number         0  __rtentry2.o ABSOLUTE
    ../clib/angel/kernel.s                   0x00000000   Number         0  __rtentry4.o ABSOLUTE
    ../clib/angel/kernel.s                   0x00000000   Number         0  rtexit.o ABSOLUTE
    ../clib/angel/kernel.s                   0x00000000   Number         0  rtexit2.o ABSOLUTE
    ../clib/angel/rt.s                       0x00000000   Number         0  rt_errno_addr.o ABSOLUTE
    ../clib/angel/rt.s                       0x00000000   Number         0  rt_errno_addr_intlibspace.o ABSOLUTE
    ../clib/angel/rt.s                       0x00000000   Number         0  rt_ctype_table.o ABSOLUTE
    ../clib/angel/rt.s                       0x00000000   Number         0  rt_locale.o ABSOLUTE
    ../clib/angel/rt.s                       0x00000000   Number         0  rt_locale_intlibspace.o ABSOLUTE
    ../clib/angel/rt.s                       0x00000000   Number         0  rt_raise.o ABSOLUTE
    ../clib/angel/scatter.s                  0x00000000   Number         0  __scatter.o ABSOLUTE
    ../clib/angel/startup.s                  0x00000000   Number         0  __main.o ABSOLUTE
    ../clib/angel/sys.s                      0x00000000   Number         0  libspace.o ABSOLUTE
    ../clib/angel/sys.s                      0x00000000   Number         0  sys_stackheap_outer.o ABSOLUTE
    ../clib/angel/sys.s                      0x00000000   Number         0  use_no_semi.o ABSOLUTE
    ../clib/angel/sys.s                      0x00000000   Number         0  indicate_semi.o ABSOLUTE
    ../clib/angel/sysapp.c                   0x00000000   Number         0  sys_command.o ABSOLUTE
    ../clib/angel/sysapp.c                   0x00000000   Number         0  sys_exit.o ABSOLUTE
    ../clib/angel/sysapp.c                   0x00000000   Number         0  sys_command_hlt.o ABSOLUTE
    ../clib/angel/sysapp.c                   0x00000000   Number         0  sys_exit_hlt.o ABSOLUTE
    ../clib/angel/sysapp.c                   0x00000000   Number         0  sys_wrch.o ABSOLUTE
    ../clib/angel/sysapp.c                   0x00000000   Number         0  sys_wrch_hlt.o ABSOLUTE
    ../clib/armsys.c                         0x00000000   Number         0  argv_veneer.o ABSOLUTE
    ../clib/armsys.c                         0x00000000   Number         0  argv_veneer.o ABSOLUTE
    ../clib/armsys.c                         0x00000000   Number         0  _get_argv_nomalloc.o ABSOLUTE
    ../clib/armsys.c                         0x00000000   Number         0  no_argv.o ABSOLUTE
    ../clib/bigflt.c                         0x00000000   Number         0  bigflt0.o ABSOLUTE
    ../clib/btod.s                           0x00000000   Number         0  btod.o ABSOLUTE
    ../clib/btod_accurate.c                  0x00000000   Number         0  btod_accurate.o ABSOLUTE
    ../clib/btod_accurate.c                  0x00000000   Number         0  btod_accurate_common.o ABSOLUTE
    ../clib/heapalloc.c                      0x00000000   Number         0  hrguard.o ABSOLUTE
    ../clib/heapaux.c                        0x00000000   Number         0  heapauxi.o ABSOLUTE
    ../clib/libinit.s                        0x00000000   Number         0  libinit.o ABSOLUTE
    ../clib/libinit.s                        0x00000000   Number         0  libinit2.o ABSOLUTE
    ../clib/libinit.s                        0x00000000   Number         0  libshutdown.o ABSOLUTE
    ../clib/libinit.s                        0x00000000   Number         0  libshutdown2.o ABSOLUTE
    ../clib/locale.s                         0x00000000   Number         0  lc_numeric_c.o ABSOLUTE
    ../clib/locale.s                         0x00000000   Number         0  lc_ctype_c.o ABSOLUTE
    ../clib/longlong.s                       0x00000000   Number         0  lludiv10.o ABSOLUTE
    ../clib/longlong.s                       0x00000000   Number         0  llushr.o ABSOLUTE
    ../clib/memcpset.s                       0x00000000   Number         0  rt_memmove_w.o ABSOLUTE
    ../clib/memcpset.s                       0x00000000   Number         0  rt_memcpy_w.o ABSOLUTE
    ../clib/memcpset.s                       0x00000000   Number         0  strcmpv7em.o ABSOLUTE
    ../clib/misc.s                           0x00000000   Number         0  printf_stubs.o ABSOLUTE
    ../clib/printf.c                         0x00000000   Number         0  __2sprintf.o ABSOLUTE
    ../clib/printf.c                         0x00000000   Number         0  noretval__2sprintf.o ABSOLUTE
    ../clib/printf.c                         0x00000000   Number         0  __printf.o ABSOLUTE
    ../clib/printf.c                         0x00000000   Number         0  _printf_pad.o ABSOLUTE
    ../clib/printf.c                         0x00000000   Number         0  _printf_dec.o ABSOLUTE
    ../clib/printf.c                         0x00000000   Number         0  __printf_flags.o ABSOLUTE
    ../clib/printf.c                         0x00000000   Number         0  __printf_ss.o ABSOLUTE
    ../clib/printf.c                         0x00000000   Number         0  __printf_flags_ss.o ABSOLUTE
    ../clib/printf.c                         0x00000000   Number         0  __printf_wp.o ABSOLUTE
    ../clib/printf.c                         0x00000000   Number         0  __printf_flags_wp.o ABSOLUTE
    ../clib/printf.c                         0x00000000   Number         0  __printf_ss_wp.o ABSOLUTE
    ../clib/printf.c                         0x00000000   Number         0  __printf_flags_ss_wp.o ABSOLUTE
    ../clib/printf.c                         0x00000000   Number         0  _printf_intcommon.o ABSOLUTE
    ../clib/printf.c                         0x00000000   Number         0  _printf_fp_dec.o ABSOLUTE
    ../clib/printf.c                         0x00000000   Number         0  _printf_fp_dec_accurate.o ABSOLUTE
    ../clib/printf.c                         0x00000000   Number         0  _printf_char_common.o ABSOLUTE
    ../clib/printf.c                         0x00000000   Number         0  _sputc.o ABSOLUTE
    ../clib/printf.c                         0x00000000   Number         0  _printf_fp_infnan.o ABSOLUTE
    ../clib/printf.c                         0x00000000   Number         0  __printf_nopercent.o ABSOLUTE
    ../clib/printf_percent.s                 0x00000000   Number         0  _printf_i.o ABSOLUTE
    ../clib/printf_percent.s                 0x00000000   Number         0  _printf_f.o ABSOLUTE
    ../clib/printf_percent.s                 0x00000000   Number         0  _printf_percent.o ABSOLUTE
    ../clib/printf_percent.s                 0x00000000   Number         0  _printf_percent_end.o ABSOLUTE
    ../clib/scanf.c                          0x00000000   Number         0  atoi.o ABSOLUTE
    ../clib/scanf.c                          0x00000000   Number         0  strtol.o ABSOLUTE
    ../clib/scanf.c                          0x00000000   Number         0  _strtoul.o ABSOLUTE
    ../clib/scanf.c                          0x00000000   Number         0  _chval.o ABSOLUTE
    ../clib/signal.c                         0x00000000   Number         0  defsig_rtmem_outer.o ABSOLUTE
    ../clib/signal.c                         0x00000000   Number         0  defsig_rtmem_formal.o ABSOLUTE
    ../clib/signal.c                         0x00000000   Number         0  defsig_exit.o ABSOLUTE
    ../clib/signal.c                         0x00000000   Number         0  defsig_rtmem_inner.o ABSOLUTE
    ../clib/signal.c                         0x00000000   Number         0  __raise.o ABSOLUTE
    ../clib/signal.c                         0x00000000   Number         0  defsig_general.o ABSOLUTE
    ../clib/signal.c                         0x00000000   Number         0  defsig_abrt_inner.o ABSOLUTE
    ../clib/signal.c                         0x00000000   Number         0  defsig_fpe_inner.o ABSOLUTE
    ../clib/signal.c                         0x00000000   Number         0  defsig_rtred_inner.o ABSOLUTE
    ../clib/signal.c                         0x00000000   Number         0  defsig_stak_inner.o ABSOLUTE
    ../clib/signal.c                         0x00000000   Number         0  defsig_pvfn_inner.o ABSOLUTE
    ../clib/signal.c                         0x00000000   Number         0  defsig_cppl_inner.o ABSOLUTE
    ../clib/signal.c                         0x00000000   Number         0  defsig_segv_inner.o ABSOLUTE
    ../clib/signal.c                         0x00000000   Number         0  defsig_other.o ABSOLUTE
    ../clib/signal.s                         0x00000000   Number         0  defsig.o ABSOLUTE
    ../clib/stdlib.c                         0x00000000   Number         0  exit.o ABSOLUTE
    ../clib/string.c                         0x00000000   Number         0  strlen.o ABSOLUTE
    ../fplib/dretinf.s                       0x00000000   Number         0  dretinf.o ABSOLUTE
    ../fplib/f2d.s                           0x00000000   Number         0  f2d.o ABSOLUTE
    ../fplib/fnaninf.s                       0x00000000   Number         0  fnaninf.o ABSOLUTE
    ../fplib/fpinit.s                        0x00000000   Number         0  fpinit.o ABSOLUTE
    ../fplib/frnd.s                          0x00000000   Number         0  frnd.o ABSOLUTE
    ../fplib/istatus.s                       0x00000000   Number         0  istatus.o ABSOLUTE
    ../fplib/printf1.s                       0x00000000   Number         0  printf1.o ABSOLUTE
    ../fplib/usenofp.s                       0x00000000   Number         0  usenofp.o ABSOLUTE
    ../mathlib/fpclassify.c                  0x00000000   Number         0  fpclassify.o ABSOLUTE
    ../mathlib/round.c                       0x00000000   Number         0  roundf.o ABSOLUTE
    RTE/Device/STM32F429ZITx/startup_stm32f429xx.s 0x00000000   Number         0  startup_stm32f429xx.o ABSOLUTE
    dc.s                                     0x00000000   Number         0  dc.o ABSOLUTE
    lcd.c                                    0x00000000   Number         0  lcd.o ABSOLUTE
    main_RKO.c                               0x00000000   Number         0  main_rko.o ABSOLUTE
    my_adc.c                                 0x00000000   Number         0  my_adc.o ABSOLUTE
    my_dac.c                                 0x00000000   Number         0  my_dac.o ABSOLUTE
    my_functions.c                           0x00000000   Number         0  my_functions.o ABSOLUTE
    my_led.c                                 0x00000000   Number         0  my_led.o ABSOLUTE
    my_switch.c                              0x00000000   Number         0  my_switch.o ABSOLUTE
    system_stm32f4xx.c                       0x00000000   Number         0  system_stm32f4xx.o ABSOLUTE
    timers.c                                 0x00000000   Number         0  timers.o ABSOLUTE
    usart.c                                  0x00000000   Number         0  usart.o ABSOLUTE
    RESET                                    0x08000000   Section      428  startup_stm32f429xx.o(RESET)
    !!!main                                  0x080001ac   Section        8  __main.o(!!!main)
    !!!scatter                               0x080001b4   Section       92  __scatter.o(!!!scatter)
    !!handler_copy                           0x08000210   Section       26  __scatter_copy.o(!!handler_copy)
    !!handler_null                           0x0800022c   Section        2  __scatter.o(!!handler_null)
    !!handler_zi                             0x08000230   Section       28  __scatter_zi.o(!!handler_zi)
    .ARM.Collect$$_printf_percent$$00000000  0x0800024c   Section        0  _printf_percent.o(.ARM.Collect$$_printf_percent$$00000000)
    .ARM.Collect$$_printf_percent$$00000003  0x0800024c   Section        6  _printf_f.o(.ARM.Collect$$_printf_percent$$00000003)
    .ARM.Collect$$_printf_percent$$00000008  0x08000252   Section        6  _printf_i.o(.ARM.Collect$$_printf_percent$$00000008)
    .ARM.Collect$$_printf_percent$$00000017  0x08000258   Section        4  _printf_percent_end.o(.ARM.Collect$$_printf_percent$$00000017)
    .ARM.Collect$$libinit$$00000000          0x0800025c   Section        2  libinit.o(.ARM.Collect$$libinit$$00000000)
    .ARM.Collect$$libinit$$00000001          0x0800025e   Section        4  libinit2.o(.ARM.Collect$$libinit$$00000001)
    .ARM.Collect$$libinit$$00000004          0x08000262   Section        0  libinit2.o(.ARM.Collect$$libinit$$00000004)
    .ARM.Collect$$libinit$$00000006          0x08000262   Section        0  libinit2.o(.ARM.Collect$$libinit$$00000006)
    .ARM.Collect$$libinit$$0000000C          0x08000262   Section        0  libinit2.o(.ARM.Collect$$libinit$$0000000C)
    .ARM.Collect$$libinit$$0000000E          0x08000262   Section        0  libinit2.o(.ARM.Collect$$libinit$$0000000E)
    .ARM.Collect$$libinit$$00000010          0x08000262   Section        0  libinit2.o(.ARM.Collect$$libinit$$00000010)
    .ARM.Collect$$libinit$$00000011          0x08000262   Section        6  libinit2.o(.ARM.Collect$$libinit$$00000011)
    .ARM.Collect$$libinit$$00000013          0x08000268   Section        0  libinit2.o(.ARM.Collect$$libinit$$00000013)
    .ARM.Collect$$libinit$$00000014          0x08000268   Section       12  libinit2.o(.ARM.Collect$$libinit$$00000014)
    .ARM.Collect$$libinit$$00000015          0x08000274   Section        0  libinit2.o(.ARM.Collect$$libinit$$00000015)
    .ARM.Collect$$libinit$$00000017          0x08000274   Section        0  libinit2.o(.ARM.Collect$$libinit$$00000017)
    .ARM.Collect$$libinit$$00000018          0x08000274   Section       10  libinit2.o(.ARM.Collect$$libinit$$00000018)
    .ARM.Collect$$libinit$$00000019          0x0800027e   Section        0  libinit2.o(.ARM.Collect$$libinit$$00000019)
    .ARM.Collect$$libinit$$0000001B          0x0800027e   Section        0  libinit2.o(.ARM.Collect$$libinit$$0000001B)
    .ARM.Collect$$libinit$$0000001D          0x0800027e   Section        0  libinit2.o(.ARM.Collect$$libinit$$0000001D)
    .ARM.Collect$$libinit$$0000001F          0x0800027e   Section        0  libinit2.o(.ARM.Collect$$libinit$$0000001F)
    .ARM.Collect$$libinit$$00000021          0x0800027e   Section        0  libinit2.o(.ARM.Collect$$libinit$$00000021)
    .ARM.Collect$$libinit$$00000023          0x0800027e   Section        0  libinit2.o(.ARM.Collect$$libinit$$00000023)
    .ARM.Collect$$libinit$$00000025          0x0800027e   Section        0  libinit2.o(.ARM.Collect$$libinit$$00000025)
    .ARM.Collect$$libinit$$00000027          0x0800027e   Section        0  libinit2.o(.ARM.Collect$$libinit$$00000027)
    .ARM.Collect$$libinit$$0000002E          0x0800027e   Section        0  libinit2.o(.ARM.Collect$$libinit$$0000002E)
    .ARM.Collect$$libinit$$00000030          0x0800027e   Section        0  libinit2.o(.ARM.Collect$$libinit$$00000030)
    .ARM.Collect$$libinit$$00000032          0x0800027e   Section        0  libinit2.o(.ARM.Collect$$libinit$$00000032)
    .ARM.Collect$$libinit$$00000034          0x0800027e   Section        0  libinit2.o(.ARM.Collect$$libinit$$00000034)
    .ARM.Collect$$libinit$$00000035          0x0800027e   Section        2  libinit2.o(.ARM.Collect$$libinit$$00000035)
    .ARM.Collect$$libshutdown$$00000000      0x08000280   Section        2  libshutdown.o(.ARM.Collect$$libshutdown$$00000000)
    .ARM.Collect$$libshutdown$$00000002      0x08000282   Section        0  libshutdown2.o(.ARM.Collect$$libshutdown$$00000002)
    .ARM.Collect$$libshutdown$$00000004      0x08000282   Section        0  libshutdown2.o(.ARM.Collect$$libshutdown$$00000004)
    .ARM.Collect$$libshutdown$$00000007      0x08000282   Section        0  libshutdown2.o(.ARM.Collect$$libshutdown$$00000007)
    .ARM.Collect$$libshutdown$$0000000A      0x08000282   Section        0  libshutdown2.o(.ARM.Collect$$libshutdown$$0000000A)
    .ARM.Collect$$libshutdown$$0000000C      0x08000282   Section        0  libshutdown2.o(.ARM.Collect$$libshutdown$$0000000C)
    .ARM.Collect$$libshutdown$$0000000F      0x08000282   Section        0  libshutdown2.o(.ARM.Collect$$libshutdown$$0000000F)
    .ARM.Collect$$libshutdown$$00000010      0x08000282   Section        2  libshutdown2.o(.ARM.Collect$$libshutdown$$00000010)
    .ARM.Collect$$rtentry$$00000000          0x08000284   Section        0  __rtentry.o(.ARM.Collect$$rtentry$$00000000)
    .ARM.Collect$$rtentry$$00000002          0x08000284   Section        0  __rtentry2.o(.ARM.Collect$$rtentry$$00000002)
    .ARM.Collect$$rtentry$$00000004          0x08000284   Section        6  __rtentry4.o(.ARM.Collect$$rtentry$$00000004)
    .ARM.Collect$$rtentry$$00000009          0x0800028a   Section        0  __rtentry2.o(.ARM.Collect$$rtentry$$00000009)
    .ARM.Collect$$rtentry$$0000000A          0x0800028a   Section        4  __rtentry2.o(.ARM.Collect$$rtentry$$0000000A)
    .ARM.Collect$$rtentry$$0000000C          0x0800028e   Section        0  __rtentry2.o(.ARM.Collect$$rtentry$$0000000C)
    .ARM.Collect$$rtentry$$0000000D          0x0800028e   Section        8  __rtentry2.o(.ARM.Collect$$rtentry$$0000000D)
    .ARM.Collect$$rtexit$$00000000           0x08000296   Section        2  rtexit.o(.ARM.Collect$$rtexit$$00000000)
    .ARM.Collect$$rtexit$$00000002           0x08000298   Section        0  rtexit2.o(.ARM.Collect$$rtexit$$00000002)
    .ARM.Collect$$rtexit$$00000003           0x08000298   Section        4  rtexit2.o(.ARM.Collect$$rtexit$$00000003)
    .ARM.Collect$$rtexit$$00000004           0x0800029c   Section        6  rtexit2.o(.ARM.Collect$$rtexit$$00000004)
    $v0                                      0x080002a4   Number         0  startup_stm32f429xx.o(.text)
    .text                                    0x080002a4   Section       64  startup_stm32f429xx.o(.text)
    .text                                    0x080002e4   Section        0  noretval__2sprintf.o(.text)
    .text                                    0x0800030c   Section        0  _printf_pad.o(.text)
    .text                                    0x0800035c   Section        0  _printf_dec.o(.text)
    .text                                    0x080003d4   Section        0  __printf_wp.o(.text)
    .text                                    0x080004e2   Section        0  atoi.o(.text)
    .text                                    0x080004fc   Section        0  strlen.o(.text)
    .text                                    0x0800053a   Section      122  rt_memmove_w.o(.text)
    .text                                    0x080005b4   Section        0  heapauxi.o(.text)
    .text                                    0x080005bc   Section        8  rt_errno_addr_intlibspace.o(.text)
    .text                                    0x080005c4   Section        0  _printf_intcommon.o(.text)
    _fp_digits                               0x08000677   Thumb Code   432  _printf_fp_dec.o(.text)
    .text                                    0x08000676   Section        0  _printf_fp_dec.o(.text)
    _printf_input_char                       0x08000a95   Thumb Code    10  _printf_char_common.o(.text)
    .text                                    0x08000a94   Section        0  _printf_char_common.o(.text)
    .text                                    0x08000ac4   Section        0  _sputc.o(.text)
    .text                                    0x08000ace   Section        0  strtol.o(.text)
    .text                                    0x08000b3e   Section      100  rt_memcpy_w.o(.text)
    .text                                    0x08000ba4   Section        8  libspace.o(.text)
    .text                                    0x08000bac   Section       16  rt_ctype_table.o(.text)
    .text                                    0x08000bbc   Section        8  rt_locale_intlibspace.o(.text)
    .text                                    0x08000bc4   Section      138  lludiv10.o(.text)
    .text                                    0x08000c50   Section        0  _printf_fp_infnan.o(.text)
    .text                                    0x08000cd0   Section        0  _strtoul.o(.text)
    .text                                    0x08000d70   Section        0  bigflt0.o(.text)
    .text                                    0x08000e54   Section       74  sys_stackheap_outer.o(.text)
    .text                                    0x08000e9e   Section        0  _chval.o(.text)
    .text                                    0x08000eba   Section        0  exit.o(.text)
    .text                                    0x08000ed0   Section      124  strcmpv7em.o(.text)
    .text                                    0x08000f4c   Section        0  sys_exit.o(.text)
    .text                                    0x08000f58   Section        2  use_no_semi.o(.text)
    .text                                    0x08000f5a   Section        0  indicate_semi.o(.text)
    [Anonymous Symbol]                       0x08000f5c   Section        0  my_adc.o(.text.ADC_SETUP)
    [Anonymous Symbol]                       0x080010c8   Section        0  my_adc.o(.text.ADCout)
    [Anonymous Symbol]                       0x080010f0   Section        0  my_adc.o(.text.ADCstartconv)
    [Anonymous Symbol]                       0x0800111c   Section        0  my_led.o(.text.LED_OFF)
    [Anonymous Symbol]                       0x080011c0   Section        0  my_led.o(.text.LED_ON)
    [Anonymous Symbol]                       0x0800125c   Section        0  my_led.o(.text.LED_SETUP)
    [Anonymous Symbol]                       0x08001538   Section        0  main_rko.o(.text.MATHS1)
    [Anonymous Symbol]                       0x08001694   Section        0  my_functions.o(.text.Shortbuzz)
    [Anonymous Symbol]                       0x080016d0   Section        0  my_switch.o(.text.Switch)
    [Anonymous Symbol]                       0x08001724   Section        0  system_stm32f4xx.o(.text.SystemCoreClockUpdate)
    [Anonymous Symbol]                       0x080017ac   Section        0  system_stm32f4xx.o(.text.SystemInit)
    [Anonymous Symbol]                       0x08001804   Section        0  main_rko.o(.text.TIM2_IRQHandler)
    [Anonymous Symbol]                       0x0800190c   Section        0  lcd.o(.text.cmdLCD)
    [Anonymous Symbol]                       0x080019d0   Section        0  my_switch.o(.text.createSwitch)
    [Anonymous Symbol]                       0x08001d90   Section        0  my_functions.o(.text.getNum)
    [Anonymous Symbol]                       0x08001d98   Section        0  my_functions.o(.text.init)
    [Anonymous Symbol]                       0x08001e28   Section        0  lcd.o(.text.initLCD)
    [Anonymous Symbol]                       0x08002118   Section        0  my_dac.o(.text.init_DAC)
    [Anonymous Symbol]                       0x08002150   Section        0  main_rko.o(.text.main)
    __arm_cp.3_13                            0x080021bc   Number         4  main_rko.o(.text.main)
    [Anonymous Symbol]                       0x080027b0   Section        0  main_rko.o(.text.menu)
    [Anonymous Symbol]                       0x08002854   Section        0  my_functions.o(.text.menu_debounce)
    [Anonymous Symbol]                       0x08002864   Section        0  lcd.o(.text.putLCD)
    [Anonymous Symbol]                       0x08002900   Section        0  my_functions.o(.text.send_Line1)
    [Anonymous Symbol]                       0x08002928   Section        0  my_functions.o(.text.send_Line2)
    [Anonymous Symbol]                       0x08002950   Section        0  timers.o(.text.timer_init)
    CL$$btod_d2e                             0x08002a0a   Section       62  btod.o(CL$$btod_d2e)
    CL$$btod_d2e_denorm_low                  0x08002a48   Section       70  btod.o(CL$$btod_d2e_denorm_low)
    CL$$btod_d2e_norm_op1                    0x08002a8e   Section       96  btod.o(CL$$btod_d2e_norm_op1)
    CL$$btod_div_common                      0x08002af0   Section      824  btod.o(CL$$btod_div_common)
    CL$$btod_e2e                             0x08002e28   Section      220  btod.o(CL$$btod_e2e)
    CL$$btod_ediv                            0x08002f04   Section       42  btod.o(CL$$btod_ediv)
    CL$$btod_emul                            0x08002f2e   Section       42  btod.o(CL$$btod_emul)
    CL$$btod_mult_common                     0x08002f58   Section      580  btod.o(CL$$btod_mult_common)
    i.__ARM_fpclassify                       0x0800319c   Section        0  fpclassify.o(i.__ARM_fpclassify)
    i.__hardfp_roundf                        0x080031cc   Section        0  roundf.o(i.__hardfp_roundf)
    i._is_digit                              0x08003266   Section        0  __printf_wp.o(i._is_digit)
    locale$$code                             0x08003274   Section       44  lc_numeric_c.o(locale$$code)
    locale$$code                             0x080032a0   Section       44  lc_ctype_c.o(locale$$code)
    $v0                                      0x080032cc   Number         0  dretinf.o(x$fpl$dretinf)
    x$fpl$dretinf                            0x080032cc   Section       12  dretinf.o(x$fpl$dretinf)
    $v0                                      0x080032d8   Number         0  f2d.o(x$fpl$f2d)
    x$fpl$f2d                                0x080032d8   Section       86  f2d.o(x$fpl$f2d)
    $v0                                      0x0800332e   Number         0  fnaninf.o(x$fpl$fnaninf)
    x$fpl$fnaninf                            0x0800332e   Section      140  fnaninf.o(x$fpl$fnaninf)
    $v0                                      0x080033ba   Number         0  fpinit.o(x$fpl$fpinit)
    x$fpl$fpinit                             0x080033ba   Section       26  fpinit.o(x$fpl$fpinit)
    $v0                                      0x080033d4   Number         0  frnd.o(x$fpl$frnd)
    x$fpl$frnd                               0x080033d4   Section       96  frnd.o(x$fpl$frnd)
    $v0                                      0x08003434   Number         0  printf1.o(x$fpl$printf1)
    x$fpl$printf1                            0x08003434   Section        4  printf1.o(x$fpl$printf1)
    tenpwrs_x                                0x08003438   Data          60  bigflt0.o(.constdata)
    .constdata                               0x08003438   Section      148  bigflt0.o(.constdata)
    x$fpl$usenofp                            0x08003438   Section        0  usenofp.o(x$fpl$usenofp)
    tenpwrs_i                                0x08003474   Data          64  bigflt0.o(.constdata)
    [Anonymous Symbol]                       0x080034dc   Section        0  main_rko.o(.rodata.str1.1)
    .L.str                                   0x080034fe   Data          17  main_rko.o(.rodata.str1.1)
    .L.str.1                                 0x08003520   Data          17  main_rko.o(.rodata.str1.1)
    .L.str.32                                0x08003597   Data          10  main_rko.o(.rodata.str1.1)
    .L.str.17                                0x080035a1   Data           4  main_rko.o(.rodata.str1.1)
    .L.str.16                                0x080035a5   Data           4  main_rko.o(.rodata.str1.1)
    .L.str.18                                0x080035a9   Data           4  main_rko.o(.rodata.str1.1)
    .L.str.19                                0x080035ad   Data           4  main_rko.o(.rodata.str1.1)
    .L.str.11                                0x080035b1   Data           5  main_rko.o(.rodata.str1.1)
    .L.str.33                                0x080035b6   Data          15  main_rko.o(.rodata.str1.1)
    .L.str.15                                0x080035c5   Data           7  main_rko.o(.rodata.str1.1)
    .L.str.14                                0x080035cc   Data          16  main_rko.o(.rodata.str1.1)
    .L.str                                   0x080035dc   Data           5  my_functions.o(.rodata.str1.1)
    [Anonymous Symbol]                       0x080035dc   Section        0  my_functions.o(.rodata.str1.1)
    locale$$data                             0x08003604   Section       28  lc_numeric_c.o(locale$$data)
    __lcnum_c_name                           0x08003608   Data           2  lc_numeric_c.o(locale$$data)
    __lcnum_c_start                          0x08003610   Data           0  lc_numeric_c.o(locale$$data)
    __lcnum_c_point                          0x0800361c   Data           0  lc_numeric_c.o(locale$$data)
    __lcnum_c_thousands                      0x0800361e   Data           0  lc_numeric_c.o(locale$$data)
    __lcnum_c_grouping                       0x0800361f   Data           0  lc_numeric_c.o(locale$$data)
    __lcnum_c_end                            0x08003620   Data           0  lc_numeric_c.o(locale$$data)
    locale$$data                             0x08003620   Section      272  lc_ctype_c.o(locale$$data)
    __lcctype_c_name                         0x08003624   Data           2  lc_ctype_c.o(locale$$data)
    __lcctype_c_start                        0x0800362c   Data           0  lc_ctype_c.o(locale$$data)
    __lcctype_c_end                          0x08003730   Data           0  lc_ctype_c.o(locale$$data)
    .bss                                     0x20000008   Section       96  libspace.o(.bss)
    Heap_Mem                                 0x20000240   Data         512  startup_stm32f429xx.o(HEAP)
    HEAP                                     0x20000240   Section      512  startup_stm32f429xx.o(HEAP)
    Stack_Mem                                0x20000440   Data        1024  startup_stm32f429xx.o(STACK)
    STACK                                    0x20000440   Section     1024  startup_stm32f429xx.o(STACK)
    __initial_sp                             0x20000840   Data           0  startup_stm32f429xx.o(STACK)

    Global Symbols

    Symbol Name                              Value     Ov Type        Size  Object(Section)

    BuildAttributes$$THM_ISAv4$E$P$D$K$B$S$7EM$VFPi3$EXTD16$VFPS$VFMA$PE$A:L22UL41UL21$X:L11$S22US41US21$IEEE1$IW$~IW$USESV6$~STKCKD$USESV7$~SHL$OTIME$ROPI$IEEEJ$EBA8$UX$STANDARDLIB$REQ8$PRES8$EABIv2 0x00000000   Number         0  anon$$obj.o ABSOLUTE
    _printf_flags                            0x00000000   Number         0  printf_stubs.o ABSOLUTE
    _printf_return_value                     0x00000000   Number         0  printf_stubs.o ABSOLUTE
    _printf_sizespec                         0x00000000   Number         0  printf_stubs.o ABSOLUTE
    _printf_widthprec                        0x00000000   Number         0  printf_stubs.o ABSOLUTE
    __ARM_exceptions_init                     - Undefined Weak Reference
    __alloca_initialize                       - Undefined Weak Reference
    __arm_preinit_                            - Undefined Weak Reference
    __arm_relocate_pie_                       - Undefined Weak Reference
    __cpp_initialize__aeabi_                  - Undefined Weak Reference
    __cxa_finalize                            - Undefined Weak Reference
    __sigvec_lookup                           - Undefined Weak Reference
    _atexit_init                              - Undefined Weak Reference
    _call_atexit_fns                          - Undefined Weak Reference
    _clock_init                               - Undefined Weak Reference
    _fp_trap_init                             - Undefined Weak Reference
    _fp_trap_shutdown                         - Undefined Weak Reference
    _get_lc_collate                           - Undefined Weak Reference
    _get_lc_monetary                          - Undefined Weak Reference
    _get_lc_time                              - Undefined Weak Reference
    _getenv_init                              - Undefined Weak Reference
    _handle_redirection                       - Undefined Weak Reference
    _init_alloc                               - Undefined Weak Reference
    _init_user_alloc                          - Undefined Weak Reference
    _initio                                   - Undefined Weak Reference
    _printf_truncate_signed                   - Undefined Weak Reference
    _printf_truncate_unsigned                 - Undefined Weak Reference
    _rand_init                                - Undefined Weak Reference
    _signal_finish                            - Undefined Weak Reference
    _signal_init                              - Undefined Weak Reference
    _terminate_alloc                          - Undefined Weak Reference
    _terminate_user_alloc                     - Undefined Weak Reference
    _terminateio                              - Undefined Weak Reference
    __Vectors_Size                           0x000001ac   Number         0  startup_stm32f429xx.o ABSOLUTE
    __Vectors                                0x08000000   Data           4  startup_stm32f429xx.o(RESET)
    __Vectors_End                            0x080001ac   Data           0  startup_stm32f429xx.o(RESET)
    __main                                   0x080001ad   Thumb Code     8  __main.o(!!!main)
    __scatterload                            0x080001b5   Thumb Code     0  __scatter.o(!!!scatter)
    __scatterload_rt2                        0x080001b5   Thumb Code    84  __scatter.o(!!!scatter)
    __scatterload_rt2_thumb_only             0x080001b5   Thumb Code     0  __scatter.o(!!!scatter)
    __scatterload_loop                       0x080001bf   Thumb Code     0  __scatter.o(!!!scatter)
    __scatterload_copy                       0x08000211   Thumb Code    26  __scatter_copy.o(!!handler_copy)
    __scatterload_null                       0x0800022d   Thumb Code     2  __scatter.o(!!handler_null)
    __scatterload_zeroinit                   0x08000231   Thumb Code    28  __scatter_zi.o(!!handler_zi)
    _printf_f                                0x0800024d   Thumb Code     0  _printf_f.o(.ARM.Collect$$_printf_percent$$00000003)
    _printf_percent                          0x0800024d   Thumb Code     0  _printf_percent.o(.ARM.Collect$$_printf_percent$$00000000)
    _printf_i                                0x08000253   Thumb Code     0  _printf_i.o(.ARM.Collect$$_printf_percent$$00000008)
    _printf_percent_end                      0x08000259   Thumb Code     0  _printf_percent_end.o(.ARM.Collect$$_printf_percent$$00000017)
    __rt_lib_init                            0x0800025d   Thumb Code     0  libinit.o(.ARM.Collect$$libinit$$00000000)
    __rt_lib_init_fp_1                       0x0800025f   Thumb Code     0  libinit2.o(.ARM.Collect$$libinit$$00000001)
    __rt_lib_init_heap_1                     0x08000263   Thumb Code     0  libinit2.o(.ARM.Collect$$libinit$$0000000C)
    __rt_lib_init_lc_common                  0x08000263   Thumb Code     0  libinit2.o(.ARM.Collect$$libinit$$00000011)
    __rt_lib_init_preinit_1                  0x08000263   Thumb Code     0  libinit2.o(.ARM.Collect$$libinit$$00000006)
    __rt_lib_init_rand_1                     0x08000263   Thumb Code     0  libinit2.o(.ARM.Collect$$libinit$$00000010)
    __rt_lib_init_relocate_pie_1             0x08000263   Thumb Code     0  libinit2.o(.ARM.Collect$$libinit$$00000004)
    __rt_lib_init_user_alloc_1               0x08000263   Thumb Code     0  libinit2.o(.ARM.Collect$$libinit$$0000000E)
    __rt_lib_init_lc_collate_1               0x08000269   Thumb Code     0  libinit2.o(.ARM.Collect$$libinit$$00000013)
    __rt_lib_init_lc_ctype_2                 0x08000269   Thumb Code     0  libinit2.o(.ARM.Collect$$libinit$$00000014)
    __rt_lib_init_lc_ctype_1                 0x08000275   Thumb Code     0  libinit2.o(.ARM.Collect$$libinit$$00000015)
    __rt_lib_init_lc_monetary_1              0x08000275   Thumb Code     0  libinit2.o(.ARM.Collect$$libinit$$00000017)
    __rt_lib_init_lc_numeric_2               0x08000275   Thumb Code     0  libinit2.o(.ARM.Collect$$libinit$$00000018)
    __rt_lib_init_alloca_1                   0x0800027f   Thumb Code     0  libinit2.o(.ARM.Collect$$libinit$$00000030)
    __rt_lib_init_argv_1                     0x0800027f   Thumb Code     0  libinit2.o(.ARM.Collect$$libinit$$0000002E)
    __rt_lib_init_atexit_1                   0x0800027f   Thumb Code     0  libinit2.o(.ARM.Collect$$libinit$$0000001D)
    __rt_lib_init_clock_1                    0x0800027f   Thumb Code     0  libinit2.o(.ARM.Collect$$libinit$$00000023)
    __rt_lib_init_cpp_1                      0x0800027f   Thumb Code     0  libinit2.o(.ARM.Collect$$libinit$$00000034)
    __rt_lib_init_exceptions_1               0x0800027f   Thumb Code     0  libinit2.o(.ARM.Collect$$libinit$$00000032)
    __rt_lib_init_fp_trap_1                  0x0800027f   Thumb Code     0  libinit2.o(.ARM.Collect$$libinit$$00000021)
    __rt_lib_init_getenv_1                   0x0800027f   Thumb Code     0  libinit2.o(.ARM.Collect$$libinit$$00000025)
    __rt_lib_init_lc_numeric_1               0x0800027f   Thumb Code     0  libinit2.o(.ARM.Collect$$libinit$$00000019)
    __rt_lib_init_lc_time_1                  0x0800027f   Thumb Code     0  libinit2.o(.ARM.Collect$$libinit$$0000001B)
    __rt_lib_init_return                     0x0800027f   Thumb Code     0  libinit2.o(.ARM.Collect$$libinit$$00000035)
    __rt_lib_init_signal_1                   0x0800027f   Thumb Code     0  libinit2.o(.ARM.Collect$$libinit$$0000001F)
    __rt_lib_init_stdio_1                    0x0800027f   Thumb Code     0  libinit2.o(.ARM.Collect$$libinit$$00000027)
    __rt_lib_shutdown                        0x08000281   Thumb Code     0  libshutdown.o(.ARM.Collect$$libshutdown$$00000000)
    __rt_lib_shutdown_cpp_1                  0x08000283   Thumb Code     0  libshutdown2.o(.ARM.Collect$$libshutdown$$00000002)
    __rt_lib_shutdown_fp_trap_1              0x08000283   Thumb Code     0  libshutdown2.o(.ARM.Collect$$libshutdown$$00000007)
    __rt_lib_shutdown_heap_1                 0x08000283   Thumb Code     0  libshutdown2.o(.ARM.Collect$$libshutdown$$0000000F)
    __rt_lib_shutdown_return                 0x08000283   Thumb Code     0  libshutdown2.o(.ARM.Collect$$libshutdown$$00000010)
    __rt_lib_shutdown_signal_1               0x08000283   Thumb Code     0  libshutdown2.o(.ARM.Collect$$libshutdown$$0000000A)
    __rt_lib_shutdown_stdio_1                0x08000283   Thumb Code     0  libshutdown2.o(.ARM.Collect$$libshutdown$$00000004)
    __rt_lib_shutdown_user_alloc_1           0x08000283   Thumb Code     0  libshutdown2.o(.ARM.Collect$$libshutdown$$0000000C)
    __rt_entry                               0x08000285   Thumb Code     0  __rtentry.o(.ARM.Collect$$rtentry$$00000000)
    __rt_entry_presh_1                       0x08000285   Thumb Code     0  __rtentry2.o(.ARM.Collect$$rtentry$$00000002)
    __rt_entry_sh                            0x08000285   Thumb Code     0  __rtentry4.o(.ARM.Collect$$rtentry$$00000004)
    __rt_entry_li                            0x0800028b   Thumb Code     0  __rtentry2.o(.ARM.Collect$$rtentry$$0000000A)
    __rt_entry_postsh_1                      0x0800028b   Thumb Code     0  __rtentry2.o(.ARM.Collect$$rtentry$$00000009)
    __rt_entry_main                          0x0800028f   Thumb Code     0  __rtentry2.o(.ARM.Collect$$rtentry$$0000000D)
    __rt_entry_postli_1                      0x0800028f   Thumb Code     0  __rtentry2.o(.ARM.Collect$$rtentry$$0000000C)
    __rt_exit                                0x08000297   Thumb Code     0  rtexit.o(.ARM.Collect$$rtexit$$00000000)
    __rt_exit_ls                             0x08000299   Thumb Code     0  rtexit2.o(.ARM.Collect$$rtexit$$00000003)
    __rt_exit_prels_1                        0x08000299   Thumb Code     0  rtexit2.o(.ARM.Collect$$rtexit$$00000002)
    __rt_exit_exit                           0x0800029d   Thumb Code     0  rtexit2.o(.ARM.Collect$$rtexit$$00000004)
    Reset_Handler                            0x080002a5   Thumb Code     8  startup_stm32f429xx.o(.text)
    NMI_Handler                              0x080002ad   Thumb Code     2  startup_stm32f429xx.o(.text)
    HardFault_Handler                        0x080002af   Thumb Code     2  startup_stm32f429xx.o(.text)
    MemManage_Handler                        0x080002b1   Thumb Code     2  startup_stm32f429xx.o(.text)
    BusFault_Handler                         0x080002b3   Thumb Code     2  startup_stm32f429xx.o(.text)
    UsageFault_Handler                       0x080002b5   Thumb Code     2  startup_stm32f429xx.o(.text)
    SVC_Handler                              0x080002b7   Thumb Code     2  startup_stm32f429xx.o(.text)
    DebugMon_Handler                         0x080002b9   Thumb Code     2  startup_stm32f429xx.o(.text)
    PendSV_Handler                           0x080002bb   Thumb Code     2  startup_stm32f429xx.o(.text)
    SysTick_Handler                          0x080002bd   Thumb Code     2  startup_stm32f429xx.o(.text)
    ADC_IRQHandler                           0x080002bf   Thumb Code     0  startup_stm32f429xx.o(.text)
    CAN1_RX0_IRQHandler                      0x080002bf   Thumb Code     0  startup_stm32f429xx.o(.text)
    CAN1_RX1_IRQHandler                      0x080002bf   Thumb Code     0  startup_stm32f429xx.o(.text)
    CAN1_SCE_IRQHandler                      0x080002bf   Thumb Code     0  startup_stm32f429xx.o(.text)
    CAN1_TX_IRQHandler                       0x080002bf   Thumb Code     0  startup_stm32f429xx.o(.text)
    CAN2_RX0_IRQHandler                      0x080002bf   Thumb Code     0  startup_stm32f429xx.o(.text)
    CAN2_RX1_IRQHandler                      0x080002bf   Thumb Code     0  startup_stm32f429xx.o(.text)
    CAN2_SCE_IRQHandler                      0x080002bf   Thumb Code     0  startup_stm32f429xx.o(.text)
    CAN2_TX_IRQHandler                       0x080002bf   Thumb Code     0  startup_stm32f429xx.o(.text)
    DCMI_IRQHandler                          0x080002bf   Thumb Code     0  startup_stm32f429xx.o(.text)
    DMA1_Stream0_IRQHandler                  0x080002bf   Thumb Code     0  startup_stm32f429xx.o(.text)
    DMA1_Stream1_IRQHandler                  0x080002bf   Thumb Code     0  startup_stm32f429xx.o(.text)
    DMA1_Stream2_IRQHandler                  0x080002bf   Thumb Code     0  startup_stm32f429xx.o(.text)
    DMA1_Stream3_IRQHandler                  0x080002bf   Thumb Code     0  startup_stm32f429xx.o(.text)
    DMA1_Stream4_IRQHandler                  0x080002bf   Thumb Code     0  startup_stm32f429xx.o(.text)
    DMA1_Stream5_IRQHandler                  0x080002bf   Thumb Code     0  startup_stm32f429xx.o(.text)
    DMA1_Stream6_IRQHandler                  0x080002bf   Thumb Code     0  startup_stm32f429xx.o(.text)
    DMA1_Stream7_IRQHandler                  0x080002bf   Thumb Code     0  startup_stm32f429xx.o(.text)
    DMA2D_IRQHandler                         0x080002bf   Thumb Code     0  startup_stm32f429xx.o(.text)
    DMA2_Stream0_IRQHandler                  0x080002bf   Thumb Code     0  startup_stm32f429xx.o(.text)
    DMA2_Stream1_IRQHandler                  0x080002bf   Thumb Code     0  startup_stm32f429xx.o(.text)
    DMA2_Stream2_IRQHandler                  0x080002bf   Thumb Code     0  startup_stm32f429xx.o(.text)
    DMA2_Stream3_IRQHandler                  0x080002bf   Thumb Code     0  startup_stm32f429xx.o(.text)
    DMA2_Stream4_IRQHandler                  0x080002bf   Thumb Code     0  startup_stm32f429xx.o(.text)
    DMA2_Stream5_IRQHandler                  0x080002bf   Thumb Code     0  startup_stm32f429xx.o(.text)
    DMA2_Stream6_IRQHandler                  0x080002bf   Thumb Code     0  startup_stm32f429xx.o(.text)
    DMA2_Stream7_IRQHandler                  0x080002bf   Thumb Code     0  startup_stm32f429xx.o(.text)
    ETH_IRQHandler                           0x080002bf   Thumb Code     0  startup_stm32f429xx.o(.text)
    ETH_WKUP_IRQHandler                      0x080002bf   Thumb Code     0  startup_stm32f429xx.o(.text)
    EXTI0_IRQHandler                         0x080002bf   Thumb Code     0  startup_stm32f429xx.o(.text)
    EXTI15_10_IRQHandler                     0x080002bf   Thumb Code     0  startup_stm32f429xx.o(.text)
    EXTI1_IRQHandler                         0x080002bf   Thumb Code     0  startup_stm32f429xx.o(.text)
    EXTI2_IRQHandler                         0x080002bf   Thumb Code     0  startup_stm32f429xx.o(.text)
    EXTI3_IRQHandler                         0x080002bf   Thumb Code     0  startup_stm32f429xx.o(.text)
    EXTI4_IRQHandler                         0x080002bf   Thumb Code     0  startup_stm32f429xx.o(.text)
    EXTI9_5_IRQHandler                       0x080002bf   Thumb Code     0  startup_stm32f429xx.o(.text)
    FLASH_IRQHandler                         0x080002bf   Thumb Code     0  startup_stm32f429xx.o(.text)
    FMC_IRQHandler                           0x080002bf   Thumb Code     0  startup_stm32f429xx.o(.text)
    FPU_IRQHandler                           0x080002bf   Thumb Code     0  startup_stm32f429xx.o(.text)
    HASH_RNG_IRQHandler                      0x080002bf   Thumb Code     0  startup_stm32f429xx.o(.text)
    I2C1_ER_IRQHandler                       0x080002bf   Thumb Code     0  startup_stm32f429xx.o(.text)
    I2C1_EV_IRQHandler                       0x080002bf   Thumb Code     0  startup_stm32f429xx.o(.text)
    I2C2_ER_IRQHandler                       0x080002bf   Thumb Code     0  startup_stm32f429xx.o(.text)
    I2C2_EV_IRQHandler                       0x080002bf   Thumb Code     0  startup_stm32f429xx.o(.text)
    I2C3_ER_IRQHandler                       0x080002bf   Thumb Code     0  startup_stm32f429xx.o(.text)
    I2C3_EV_IRQHandler                       0x080002bf   Thumb Code     0  startup_stm32f429xx.o(.text)
    LTDC_ER_IRQHandler                       0x080002bf   Thumb Code     0  startup_stm32f429xx.o(.text)
    LTDC_IRQHandler                          0x080002bf   Thumb Code     0  startup_stm32f429xx.o(.text)
    OTG_FS_IRQHandler                        0x080002bf   Thumb Code     0  startup_stm32f429xx.o(.text)
    OTG_FS_WKUP_IRQHandler                   0x080002bf   Thumb Code     0  startup_stm32f429xx.o(.text)
    OTG_HS_EP1_IN_IRQHandler                 0x080002bf   Thumb Code     0  startup_stm32f429xx.o(.text)
    OTG_HS_EP1_OUT_IRQHandler                0x080002bf   Thumb Code     0  startup_stm32f429xx.o(.text)
    OTG_HS_IRQHandler                        0x080002bf   Thumb Code     0  startup_stm32f429xx.o(.text)
    OTG_HS_WKUP_IRQHandler                   0x080002bf   Thumb Code     0  startup_stm32f429xx.o(.text)
    PVD_IRQHandler                           0x080002bf   Thumb Code     0  startup_stm32f429xx.o(.text)
    RCC_IRQHandler                           0x080002bf   Thumb Code     0  startup_stm32f429xx.o(.text)
    RTC_Alarm_IRQHandler                     0x080002bf   Thumb Code     0  startup_stm32f429xx.o(.text)
    RTC_WKUP_IRQHandler                      0x080002bf   Thumb Code     0  startup_stm32f429xx.o(.text)
    SAI1_IRQHandler                          0x080002bf   Thumb Code     0  startup_stm32f429xx.o(.text)
    SDIO_IRQHandler                          0x080002bf   Thumb Code     0  startup_stm32f429xx.o(.text)
    SPI1_IRQHandler                          0x080002bf   Thumb Code     0  startup_stm32f429xx.o(.text)
    SPI2_IRQHandler                          0x080002bf   Thumb Code     0  startup_stm32f429xx.o(.text)
    SPI3_IRQHandler                          0x080002bf   Thumb Code     0  startup_stm32f429xx.o(.text)
    SPI4_IRQHandler                          0x080002bf   Thumb Code     0  startup_stm32f429xx.o(.text)
    SPI5_IRQHandler                          0x080002bf   Thumb Code     0  startup_stm32f429xx.o(.text)
    SPI6_IRQHandler                          0x080002bf   Thumb Code     0  startup_stm32f429xx.o(.text)
    TAMP_STAMP_IRQHandler                    0x080002bf   Thumb Code     0  startup_stm32f429xx.o(.text)
    TIM1_BRK_TIM9_IRQHandler                 0x080002bf   Thumb Code     0  startup_stm32f429xx.o(.text)
    TIM1_CC_IRQHandler                       0x080002bf   Thumb Code     0  startup_stm32f429xx.o(.text)
    TIM1_TRG_COM_TIM11_IRQHandler            0x080002bf   Thumb Code     0  startup_stm32f429xx.o(.text)
    TIM1_UP_TIM10_IRQHandler                 0x080002bf   Thumb Code     0  startup_stm32f429xx.o(.text)
    TIM3_IRQHandler                          0x080002bf   Thumb Code     0  startup_stm32f429xx.o(.text)
    TIM4_IRQHandler                          0x080002bf   Thumb Code     0  startup_stm32f429xx.o(.text)
    TIM5_IRQHandler                          0x080002bf   Thumb Code     0  startup_stm32f429xx.o(.text)
    TIM6_DAC_IRQHandler                      0x080002bf   Thumb Code     0  startup_stm32f429xx.o(.text)
    TIM7_IRQHandler                          0x080002bf   Thumb Code     0  startup_stm32f429xx.o(.text)
    TIM8_BRK_TIM12_IRQHandler                0x080002bf   Thumb Code     0  startup_stm32f429xx.o(.text)
    TIM8_CC_IRQHandler                       0x080002bf   Thumb Code     0  startup_stm32f429xx.o(.text)
    TIM8_TRG_COM_TIM14_IRQHandler            0x080002bf   Thumb Code     0  startup_stm32f429xx.o(.text)
    TIM8_UP_TIM13_IRQHandler                 0x080002bf   Thumb Code     0  startup_stm32f429xx.o(.text)
    UART4_IRQHandler                         0x080002bf   Thumb Code     0  startup_stm32f429xx.o(.text)
    UART5_IRQHandler                         0x080002bf   Thumb Code     0  startup_stm32f429xx.o(.text)
    UART7_IRQHandler                         0x080002bf   Thumb Code     0  startup_stm32f429xx.o(.text)
    UART8_IRQHandler                         0x080002bf   Thumb Code     0  startup_stm32f429xx.o(.text)
    USART1_IRQHandler                        0x080002bf   Thumb Code     0  startup_stm32f429xx.o(.text)
    USART2_IRQHandler                        0x080002bf   Thumb Code     0  startup_stm32f429xx.o(.text)
    USART3_IRQHandler                        0x080002bf   Thumb Code     0  startup_stm32f429xx.o(.text)
    USART6_IRQHandler                        0x080002bf   Thumb Code     0  startup_stm32f429xx.o(.text)
    WWDG_IRQHandler                          0x080002bf   Thumb Code     0  startup_stm32f429xx.o(.text)
    __user_initial_stackheap                 0x080002c1   Thumb Code     0  startup_stm32f429xx.o(.text)
    __2sprintf                               0x080002e5   Thumb Code    34  noretval__2sprintf.o(.text)
    _printf_pre_padding                      0x0800030d   Thumb Code    44  _printf_pad.o(.text)
    _printf_post_padding                     0x08000339   Thumb Code    34  _printf_pad.o(.text)
    _printf_int_dec                          0x0800035d   Thumb Code   104  _printf_dec.o(.text)
    __printf                                 0x080003d5   Thumb Code   270  __printf_wp.o(.text)
    atoi                                     0x080004e3   Thumb Code    26  atoi.o(.text)
    strlen                                   0x080004fd   Thumb Code    62  strlen.o(.text)
    __aeabi_memmove4                         0x0800053b   Thumb Code     0  rt_memmove_w.o(.text)
    __aeabi_memmove8                         0x0800053b   Thumb Code     0  rt_memmove_w.o(.text)
    __rt_memmove_w                           0x0800053b   Thumb Code   122  rt_memmove_w.o(.text)
    __memmove_aligned                        0x08000561   Thumb Code     0  rt_memmove_w.o(.text)
    __memmove_lastfew_aligned                0x08000599   Thumb Code     0  rt_memmove_w.o(.text)
    __use_two_region_memory                  0x080005b5   Thumb Code     2  heapauxi.o(.text)
    __rt_heap_escrow$2region                 0x080005b7   Thumb Code     2  heapauxi.o(.text)
    __rt_heap_expand$2region                 0x080005b9   Thumb Code     2  heapauxi.o(.text)
    __aeabi_errno_addr                       0x080005bd   Thumb Code     8  rt_errno_addr_intlibspace.o(.text)
    __errno$intlibspace                      0x080005bd   Thumb Code     0  rt_errno_addr_intlibspace.o(.text)
    __rt_errno_addr$intlibspace              0x080005bd   Thumb Code     0  rt_errno_addr_intlibspace.o(.text)
    _printf_int_common                       0x080005c5   Thumb Code   178  _printf_intcommon.o(.text)
    _printf_fp_dec_real                      0x08000827   Thumb Code   620  _printf_fp_dec.o(.text)
    _printf_char_common                      0x08000a9f   Thumb Code    32  _printf_char_common.o(.text)
    _sputc                                   0x08000ac5   Thumb Code    10  _sputc.o(.text)
    strtol                                   0x08000acf   Thumb Code   112  strtol.o(.text)
    __aeabi_memcpy4                          0x08000b3f   Thumb Code     0  rt_memcpy_w.o(.text)
    __aeabi_memcpy8                          0x08000b3f   Thumb Code     0  rt_memcpy_w.o(.text)
    __rt_memcpy_w                            0x08000b3f   Thumb Code   100  rt_memcpy_w.o(.text)
    _memcpy_lastbytes_aligned                0x08000b87   Thumb Code     0  rt_memcpy_w.o(.text)
    __user_libspace                          0x08000ba5   Thumb Code     8  libspace.o(.text)
    __user_perproc_libspace                  0x08000ba5   Thumb Code     0  libspace.o(.text)
    __user_perthread_libspace                0x08000ba5   Thumb Code     0  libspace.o(.text)
    __rt_ctype_table                         0x08000bad   Thumb Code    16  rt_ctype_table.o(.text)
    __rt_locale                              0x08000bbd   Thumb Code     8  rt_locale_intlibspace.o(.text)
    _ll_udiv10                               0x08000bc5   Thumb Code   138  lludiv10.o(.text)
    _printf_fp_infnan                        0x08000c51   Thumb Code   112  _printf_fp_infnan.o(.text)
    _strtoul                                 0x08000cd1   Thumb Code   158  _strtoul.o(.text)
    _btod_etento                             0x08000d71   Thumb Code   224  bigflt0.o(.text)
    __user_setup_stackheap                   0x08000e55   Thumb Code    74  sys_stackheap_outer.o(.text)
    _chval                                   0x08000e9f   Thumb Code    28  _chval.o(.text)
    exit                                     0x08000ebb   Thumb Code    18  exit.o(.text)
    strcmp                                   0x08000ed1   Thumb Code   124  strcmpv7em.o(.text)
    _sys_exit                                0x08000f4d   Thumb Code     8  sys_exit.o(.text)
    __I$use$semihosting                      0x08000f59   Thumb Code     0  use_no_semi.o(.text)
    __use_no_semihosting_swi                 0x08000f59   Thumb Code     2  use_no_semi.o(.text)
    __semihosting_library_function           0x08000f5b   Thumb Code     0  indicate_semi.o(.text)
    ADC_SETUP                                0x08000f5d   Thumb Code   364  my_adc.o(.text.ADC_SETUP)
    ADCout                                   0x080010c9   Thumb Code    38  my_adc.o(.text.ADCout)
    ADCstartconv                             0x080010f1   Thumb Code    42  my_adc.o(.text.ADCstartconv)
    LED_OFF                                  0x0800111d   Thumb Code   164  my_led.o(.text.LED_OFF)
    LED_ON                                   0x080011c1   Thumb Code   154  my_led.o(.text.LED_ON)
    LED_SETUP                                0x0800125d   Thumb Code   730  my_led.o(.text.LED_SETUP)
    MATHS1                                   0x08001539   Thumb Code   304  main_rko.o(.text.MATHS1)
    Shortbuzz                                0x08001695   Thumb Code    58  my_functions.o(.text.Shortbuzz)
    Switch                                   0x080016d1   Thumb Code    84  my_switch.o(.text.Switch)
    SystemCoreClockUpdate                    0x08001725   Thumb Code   134  system_stm32f4xx.o(.text.SystemCoreClockUpdate)
    SystemInit                               0x080017ad   Thumb Code    86  system_stm32f4xx.o(.text.SystemInit)
    TIM2_IRQHandler                          0x08001805   Thumb Code   260  main_rko.o(.text.TIM2_IRQHandler)
    cmdLCD                                   0x0800190d   Thumb Code   194  lcd.o(.text.cmdLCD)
    createSwitch                             0x080019d1   Thumb Code   958  my_switch.o(.text.createSwitch)
    getNum                                   0x08001d91   Thumb Code     6  my_functions.o(.text.getNum)
    init                                     0x08001d99   Thumb Code   104  my_functions.o(.text.init)
    initLCD                                  0x08001e29   Thumb Code   750  lcd.o(.text.initLCD)
    init_DAC                                 0x08002119   Thumb Code    56  my_dac.o(.text.init_DAC)
    main                                     0x08002151   Thumb Code  1460  main_rko.o(.text.main)
    menu                                     0x080027b1   Thumb Code    56  main_rko.o(.text.menu)
    menu_debounce                            0x08002855   Thumb Code    16  my_functions.o(.text.menu_debounce)
    putLCD                                   0x08002865   Thumb Code   154  lcd.o(.text.putLCD)
    send_Line1                               0x08002901   Thumb Code    40  my_functions.o(.text.send_Line1)
    send_Line2                               0x08002929   Thumb Code    40  my_functions.o(.text.send_Line2)
    timer_init                               0x08002951   Thumb Code   186  timers.o(.text.timer_init)
    _btod_d2e                                0x08002a0b   Thumb Code    62  btod.o(CL$$btod_d2e)
    _d2e_denorm_low                          0x08002a49   Thumb Code    70  btod.o(CL$$btod_d2e_denorm_low)
    _d2e_norm_op1                            0x08002a8f   Thumb Code    96  btod.o(CL$$btod_d2e_norm_op1)
    __btod_div_common                        0x08002af1   Thumb Code   696  btod.o(CL$$btod_div_common)
    _e2e                                     0x08002e29   Thumb Code   220  btod.o(CL$$btod_e2e)
    _btod_ediv                               0x08002f05   Thumb Code    42  btod.o(CL$$btod_ediv)
    _btod_emul                               0x08002f2f   Thumb Code    42  btod.o(CL$$btod_emul)
    __btod_mult_common                       0x08002f59   Thumb Code   580  btod.o(CL$$btod_mult_common)
    __ARM_fpclassify                         0x0800319d   Thumb Code    48  fpclassify.o(i.__ARM_fpclassify)
    __hardfp_roundf                          0x080031cd   Thumb Code   154  roundf.o(i.__hardfp_roundf)
    _is_digit                                0x08003267   Thumb Code    14  __printf_wp.o(i._is_digit)
    _get_lc_numeric                          0x08003275   Thumb Code    44  lc_numeric_c.o(locale$$code)
    _get_lc_ctype                            0x080032a1   Thumb Code    44  lc_ctype_c.o(locale$$code)
    __fpl_dretinf                            0x080032cd   Thumb Code    12  dretinf.o(x$fpl$dretinf)
    __aeabi_f2d                              0x080032d9   Thumb Code     0  f2d.o(x$fpl$f2d)
    _f2d                                     0x080032d9   Thumb Code    86  f2d.o(x$fpl$f2d)
    __fpl_fnaninf                            0x0800332f   Thumb Code   140  fnaninf.o(x$fpl$fnaninf)
    _fp_init                                 0x080033bb   Thumb Code    26  fpinit.o(x$fpl$fpinit)
    __fplib_config_fpu_vfp                   0x080033d3   Thumb Code     0  fpinit.o(x$fpl$fpinit)
    __fplib_config_pureend_doubles           0x080033d3   Thumb Code     0  fpinit.o(x$fpl$fpinit)
    _frnd                                    0x080033d5   Thumb Code    96  frnd.o(x$fpl$frnd)
    _printf_fp_dec                           0x08003435   Thumb Code     4  printf1.o(x$fpl$printf1)
    __I$use$fp                               0x08003438   Number         0  usenofp.o(x$fpl$usenofp)
    AHBPrescTable                            0x080034cc   Data          16  system_stm32f4xx.o(.rodata.AHBPrescTable)
    Region$$Table$$Base                      0x080035e4   Number         0  anon$$obj.o(Region$$Table)
    Region$$Table$$Limit                     0x08003604   Number         0  anon$$obj.o(Region$$Table)
    __ctype                                  0x0800362d   Data           0  lc_ctype_c.o(locale$$data)
    SystemCoreClock                          0x20000000   Data           4  system_stm32f4xx.o(.data.SystemCoreClock)
    __libspace_start                         0x20000008   Data          96  libspace.o(.bss)
    ActiveChoice                             0x20000068   Data           4  main_rko.o(.bss.ActiveChoice)
    __temporary_stack_top$libspace           0x20000068   Data           0  libspace.o(.bss)
    Average                                  0x2000006c   Data           4  main_rko.o(.bss.Average)
    AverageVal                               0x20000070   Data           4  main_rko.o(.bss.AverageVal)
    Choice                                   0x20000074   Data           4  main_rko.o(.bss.Choice)
    Counter                                  0x20000078   Data           4  main_rko.o(.bss.Counter)
    Counter2                                 0x2000007c   Data           4  main_rko.o(.bss.Counter2)
    Counter3                                 0x20000080   Data           4  main_rko.o(.bss.Counter3)
    CounterSwitch                            0x20000084   Data           4  main_rko.o(.bss.CounterSwitch)
    LineHasGoneUp                            0x20000088   Data           4  main_rko.o(.bss.LineHasGoneUp)
    RunValStore                              0x2000008c   Data         404  main_rko.o(.bss.RunValStore)
    Scroll                                   0x20000220   Data           4  main_rko.o(.bss.Scroll)
    StopLoop                                 0x20000224   Data           4  main_rko.o(.bss.StopLoop)
    SubMenu                                  0x20000228   Data           4  main_rko.o(.bss.SubMenu)
    temp                                     0x2000022c   Data          17  main_rko.o(.bss.temp)



==============================================================================

Memory Map of the image

  Image Entry point : 0x080002a5

  Load Region LR_1 (Base: 0x08000000, Size: 0x00003734, Max: 0xffffffff, ABSOLUTE)

    Execution Region ER_RO (Exec base: 0x08000000, Load base: 0x08000000, Size: 0x00003730, Max: 0xffffffff, ABSOLUTE)

    Exec Addr    Load Addr    Size         Type   Attr      Idx    E Section Name        Object

    0x08000000   0x08000000   0x000001ac   Data   RO          163    RESET               startup_stm32f429xx.o
    0x080001ac   0x080001ac   0x00000008   Code   RO          228  * !!!main             c_w.l(__main.o)
    0x080001b4   0x080001b4   0x0000005c   Code   RO          488    !!!scatter          c_w.l(__scatter.o)
    0x08000210   0x08000210   0x0000001a   Code   RO          492    !!handler_copy      c_w.l(__scatter_copy.o)
    0x0800022a   0x0800022a   0x00000002   PAD
    0x0800022c   0x0800022c   0x00000002   Code   RO          489    !!handler_null      c_w.l(__scatter.o)
    0x0800022e   0x0800022e   0x00000002   PAD
    0x08000230   0x08000230   0x0000001c   Code   RO          494    !!handler_zi        c_w.l(__scatter_zi.o)
    0x0800024c   0x0800024c   0x00000000   Code   RO          219    .ARM.Collect$$_printf_percent$$00000000  c_w.l(_printf_percent.o)
    0x0800024c   0x0800024c   0x00000006   Code   RO          218    .ARM.Collect$$_printf_percent$$00000003  c_w.l(_printf_f.o)
    0x08000252   0x08000252   0x00000006   Code   RO          217    .ARM.Collect$$_printf_percent$$00000008  c_w.l(_printf_i.o)
    0x08000258   0x08000258   0x00000004   Code   RO          254    .ARM.Collect$$_printf_percent$$00000017  c_w.l(_printf_percent_end.o)
    0x0800025c   0x0800025c   0x00000002   Code   RO          351    .ARM.Collect$$libinit$$00000000  c_w.l(libinit.o)
    0x0800025e   0x0800025e   0x00000004   Code   RO          352    .ARM.Collect$$libinit$$00000001  c_w.l(libinit2.o)
    0x08000262   0x08000262   0x00000000   Code   RO          355    .ARM.Collect$$libinit$$00000004  c_w.l(libinit2.o)
    0x08000262   0x08000262   0x00000000   Code   RO          357    .ARM.Collect$$libinit$$00000006  c_w.l(libinit2.o)
    0x08000262   0x08000262   0x00000000   Code   RO          360    .ARM.Collect$$libinit$$0000000C  c_w.l(libinit2.o)
    0x08000262   0x08000262   0x00000000   Code   RO          362    .ARM.Collect$$libinit$$0000000E  c_w.l(libinit2.o)
    0x08000262   0x08000262   0x00000000   Code   RO          364    .ARM.Collect$$libinit$$00000010  c_w.l(libinit2.o)
    0x08000262   0x08000262   0x00000006   Code   RO          365    .ARM.Collect$$libinit$$00000011  c_w.l(libinit2.o)
    0x08000268   0x08000268   0x00000000   Code   RO          367    .ARM.Collect$$libinit$$00000013  c_w.l(libinit2.o)
    0x08000268   0x08000268   0x0000000c   Code   RO          368    .ARM.Collect$$libinit$$00000014  c_w.l(libinit2.o)
    0x08000274   0x08000274   0x00000000   Code   RO          369    .ARM.Collect$$libinit$$00000015  c_w.l(libinit2.o)
    0x08000274   0x08000274   0x00000000   Code   RO          371    .ARM.Collect$$libinit$$00000017  c_w.l(libinit2.o)
    0x08000274   0x08000274   0x0000000a   Code   RO          372    .ARM.Collect$$libinit$$00000018  c_w.l(libinit2.o)
    0x0800027e   0x0800027e   0x00000000   Code   RO          373    .ARM.Collect$$libinit$$00000019  c_w.l(libinit2.o)
    0x0800027e   0x0800027e   0x00000000   Code   RO          375    .ARM.Collect$$libinit$$0000001B  c_w.l(libinit2.o)
    0x0800027e   0x0800027e   0x00000000   Code   RO          377    .ARM.Collect$$libinit$$0000001D  c_w.l(libinit2.o)
    0x0800027e   0x0800027e   0x00000000   Code   RO          379    .ARM.Collect$$libinit$$0000001F  c_w.l(libinit2.o)
    0x0800027e   0x0800027e   0x00000000   Code   RO          381    .ARM.Collect$$libinit$$00000021  c_w.l(libinit2.o)
    0x0800027e   0x0800027e   0x00000000   Code   RO          383    .ARM.Collect$$libinit$$00000023  c_w.l(libinit2.o)
    0x0800027e   0x0800027e   0x00000000   Code   RO          385    .ARM.Collect$$libinit$$00000025  c_w.l(libinit2.o)
    0x0800027e   0x0800027e   0x00000000   Code   RO          387    .ARM.Collect$$libinit$$00000027  c_w.l(libinit2.o)
    0x0800027e   0x0800027e   0x00000000   Code   RO          391    .ARM.Collect$$libinit$$0000002E  c_w.l(libinit2.o)
    0x0800027e   0x0800027e   0x00000000   Code   RO          393    .ARM.Collect$$libinit$$00000030  c_w.l(libinit2.o)
    0x0800027e   0x0800027e   0x00000000   Code   RO          395    .ARM.Collect$$libinit$$00000032  c_w.l(libinit2.o)
    0x0800027e   0x0800027e   0x00000000   Code   RO          397    .ARM.Collect$$libinit$$00000034  c_w.l(libinit2.o)
    0x0800027e   0x0800027e   0x00000002   Code   RO          398    .ARM.Collect$$libinit$$00000035  c_w.l(libinit2.o)
    0x08000280   0x08000280   0x00000002   Code   RO          434    .ARM.Collect$$libshutdown$$00000000  c_w.l(libshutdown.o)
    0x08000282   0x08000282   0x00000000   Code   RO          445    .ARM.Collect$$libshutdown$$00000002  c_w.l(libshutdown2.o)
    0x08000282   0x08000282   0x00000000   Code   RO          447    .ARM.Collect$$libshutdown$$00000004  c_w.l(libshutdown2.o)
    0x08000282   0x08000282   0x00000000   Code   RO          450    .ARM.Collect$$libshutdown$$00000007  c_w.l(libshutdown2.o)
    0x08000282   0x08000282   0x00000000   Code   RO          453    .ARM.Collect$$libshutdown$$0000000A  c_w.l(libshutdown2.o)
    0x08000282   0x08000282   0x00000000   Code   RO          455    .ARM.Collect$$libshutdown$$0000000C  c_w.l(libshutdown2.o)
    0x08000282   0x08000282   0x00000000   Code   RO          458    .ARM.Collect$$libshutdown$$0000000F  c_w.l(libshutdown2.o)
    0x08000282   0x08000282   0x00000002   Code   RO          459    .ARM.Collect$$libshutdown$$00000010  c_w.l(libshutdown2.o)
    0x08000284   0x08000284   0x00000000   Code   RO          238    .ARM.Collect$$rtentry$$00000000  c_w.l(__rtentry.o)
    0x08000284   0x08000284   0x00000000   Code   RO          270    .ARM.Collect$$rtentry$$00000002  c_w.l(__rtentry2.o)
    0x08000284   0x08000284   0x00000006   Code   RO          282    .ARM.Collect$$rtentry$$00000004  c_w.l(__rtentry4.o)
    0x0800028a   0x0800028a   0x00000000   Code   RO          272    .ARM.Collect$$rtentry$$00000009  c_w.l(__rtentry2.o)
    0x0800028a   0x0800028a   0x00000004   Code   RO          273    .ARM.Collect$$rtentry$$0000000A  c_w.l(__rtentry2.o)
    0x0800028e   0x0800028e   0x00000000   Code   RO          275    .ARM.Collect$$rtentry$$0000000C  c_w.l(__rtentry2.o)
    0x0800028e   0x0800028e   0x00000008   Code   RO          276    .ARM.Collect$$rtentry$$0000000D  c_w.l(__rtentry2.o)
    0x08000296   0x08000296   0x00000002   Code   RO          399    .ARM.Collect$$rtexit$$00000000  c_w.l(rtexit.o)
    0x08000298   0x08000298   0x00000000   Code   RO          408    .ARM.Collect$$rtexit$$00000002  c_w.l(rtexit2.o)
    0x08000298   0x08000298   0x00000004   Code   RO          409    .ARM.Collect$$rtexit$$00000003  c_w.l(rtexit2.o)
    0x0800029c   0x0800029c   0x00000006   Code   RO          410    .ARM.Collect$$rtexit$$00000004  c_w.l(rtexit2.o)
    0x080002a2   0x080002a2   0x00000002   PAD
    0x080002a4   0x080002a4   0x00000040   Code   RO          164  * .text               startup_stm32f429xx.o
    0x080002e4   0x080002e4   0x00000028   Code   RO          189    .text               c_w.l(noretval__2sprintf.o)
    0x0800030c   0x0800030c   0x0000004e   Code   RO          193    .text               c_w.l(_printf_pad.o)
    0x0800035a   0x0800035a   0x00000002   PAD
    0x0800035c   0x0800035c   0x00000078   Code   RO          195    .text               c_w.l(_printf_dec.o)
    0x080003d4   0x080003d4   0x0000010e   Code   RO          205    .text               c_w.l(__printf_wp.o)
    0x080004e2   0x080004e2   0x0000001a   Code   RO          220    .text               c_w.l(atoi.o)
    0x080004fc   0x080004fc   0x0000003e   Code   RO          222    .text               c_w.l(strlen.o)
    0x0800053a   0x0800053a   0x0000007a   Code   RO          224    .text               c_w.l(rt_memmove_w.o)
    0x080005b4   0x080005b4   0x00000006   Code   RO          226    .text               c_w.l(heapauxi.o)
    0x080005ba   0x080005ba   0x00000002   PAD
    0x080005bc   0x080005bc   0x00000008   Code   RO          242    .text               c_w.l(rt_errno_addr_intlibspace.o)
    0x080005c4   0x080005c4   0x000000b2   Code   RO          244    .text               c_w.l(_printf_intcommon.o)
    0x08000676   0x08000676   0x0000041c   Code   RO          246    .text               c_w.l(_printf_fp_dec.o)
    0x08000a92   0x08000a92   0x00000002   PAD
    0x08000a94   0x08000a94   0x00000030   Code   RO          250    .text               c_w.l(_printf_char_common.o)
    0x08000ac4   0x08000ac4   0x0000000a   Code   RO          252    .text               c_w.l(_sputc.o)
    0x08000ace   0x08000ace   0x00000070   Code   RO          255    .text               c_w.l(strtol.o)
    0x08000b3e   0x08000b3e   0x00000064   Code   RO          257    .text               c_w.l(rt_memcpy_w.o)
    0x08000ba2   0x08000ba2   0x00000002   PAD
    0x08000ba4   0x08000ba4   0x00000008   Code   RO          266    .text               c_w.l(libspace.o)
    0x08000bac   0x08000bac   0x00000010   Code   RO          284    .text               c_w.l(rt_ctype_table.o)
    0x08000bbc   0x08000bbc   0x00000008   Code   RO          289    .text               c_w.l(rt_locale_intlibspace.o)
    0x08000bc4   0x08000bc4   0x0000008a   Code   RO          291    .text               c_w.l(lludiv10.o)
    0x08000c4e   0x08000c4e   0x00000002   PAD
    0x08000c50   0x08000c50   0x00000080   Code   RO          293    .text               c_w.l(_printf_fp_infnan.o)
    0x08000cd0   0x08000cd0   0x0000009e   Code   RO          297    .text               c_w.l(_strtoul.o)
    0x08000d6e   0x08000d6e   0x00000002   PAD
    0x08000d70   0x08000d70   0x000000e4   Code   RO          299    .text               c_w.l(bigflt0.o)
    0x08000e54   0x08000e54   0x0000004a   Code   RO          333    .text               c_w.l(sys_stackheap_outer.o)
    0x08000e9e   0x08000e9e   0x0000001c   Code   RO          335    .text               c_w.l(_chval.o)
    0x08000eba   0x08000eba   0x00000012   Code   RO          342    .text               c_w.l(exit.o)
    0x08000ecc   0x08000ecc   0x00000004   PAD
    0x08000ed0   0x08000ed0   0x0000007c   Code   RO          344    .text               c_w.l(strcmpv7em.o)
    0x08000f4c   0x08000f4c   0x0000000c   Code   RO          420    .text               c_w.l(sys_exit.o)
    0x08000f58   0x08000f58   0x00000002   Code   RO          435    .text               c_w.l(use_no_semi.o)
    0x08000f5a   0x08000f5a   0x00000000   Code   RO          437    .text               c_w.l(indicate_semi.o)
    0x08000f5a   0x08000f5a   0x00000002   PAD
    0x08000f5c   0x08000f5c   0x0000016c   Code   RO           62    .text.ADC_SETUP     my_adc.o
    0x080010c8   0x080010c8   0x00000026   Code   RO           66    .text.ADCout        my_adc.o
    0x080010ee   0x080010ee   0x00000002   PAD
    0x080010f0   0x080010f0   0x0000002a   Code   RO           64    .text.ADCstartconv  my_adc.o
    0x0800111a   0x0800111a   0x00000002   PAD
    0x0800111c   0x0800111c   0x000000a4   Code   RO           80    .text.LED_OFF       my_led.o
    0x080011c0   0x080011c0   0x0000009a   Code   RO           78    .text.LED_ON        my_led.o
    0x0800125a   0x0800125a   0x00000002   PAD
    0x0800125c   0x0800125c   0x000002da   Code   RO           76    .text.LED_SETUP     my_led.o
    0x08001536   0x08001536   0x00000002   PAD
    0x08001538   0x08001538   0x0000015c   Code   RO            4    .text.MATHS1        main_rko.o
    0x08001694   0x08001694   0x0000003a   Code   RO          100    .text.Shortbuzz     my_functions.o
    0x080016ce   0x080016ce   0x00000002   PAD
    0x080016d0   0x080016d0   0x00000054   Code   RO          127    .text.Switch        my_switch.o
    0x08001724   0x08001724   0x00000086   Code   RO          173    .text.SystemCoreClockUpdate  system_stm32f4xx.o
    0x080017aa   0x080017aa   0x00000002   PAD
    0x080017ac   0x080017ac   0x00000056   Code   RO          171    .text.SystemInit    system_stm32f4xx.o
    0x08001802   0x08001802   0x00000002   PAD
    0x08001804   0x08001804   0x00000108   Code   RO           10    .text.TIM2_IRQHandler  main_rko.o
    0x0800190c   0x0800190c   0x000000c2   Code   RO           48    .text.cmdLCD        lcd.o
    0x080019ce   0x080019ce   0x00000002   PAD
    0x080019d0   0x080019d0   0x000003be   Code   RO          125    .text.createSwitch  my_switch.o
    0x08001d8e   0x08001d8e   0x00000002   PAD
    0x08001d90   0x08001d90   0x00000006   Code   RO           94    .text.getNum        my_functions.o
    0x08001d96   0x08001d96   0x00000002   PAD
    0x08001d98   0x08001d98   0x00000090   Code   RO          102    .text.init          my_functions.o
    0x08001e28   0x08001e28   0x000002ee   Code   RO           52    .text.initLCD       lcd.o
    0x08002116   0x08002116   0x00000002   PAD
    0x08002118   0x08002118   0x00000038   Code   RO          148    .text.init_DAC      my_dac.o
    0x08002150   0x08002150   0x00000660   Code   RO            8    .text.main          main_rko.o
    0x080027b0   0x080027b0   0x000000a4   Code   RO            2    .text.menu          main_rko.o
    0x08002854   0x08002854   0x00000010   Code   RO           98    .text.menu_debounce  my_functions.o
    0x08002864   0x08002864   0x0000009a   Code   RO           50    .text.putLCD        lcd.o
    0x080028fe   0x080028fe   0x00000002   PAD
    0x08002900   0x08002900   0x00000028   Code   RO           90    .text.send_Line1    my_functions.o
    0x08002928   0x08002928   0x00000028   Code   RO           92    .text.send_Line2    my_functions.o
    0x08002950   0x08002950   0x000000ba   Code   RO          139    .text.timer_init    timers.o
    0x08002a0a   0x08002a0a   0x0000003e   Code   RO          302    CL$$btod_d2e        c_w.l(btod.o)
    0x08002a48   0x08002a48   0x00000046   Code   RO          304    CL$$btod_d2e_denorm_low  c_w.l(btod.o)
    0x08002a8e   0x08002a8e   0x00000060   Code   RO          303    CL$$btod_d2e_norm_op1  c_w.l(btod.o)
    0x08002aee   0x08002aee   0x00000002   PAD
    0x08002af0   0x08002af0   0x00000338   Code   RO          312    CL$$btod_div_common  c_w.l(btod.o)
    0x08002e28   0x08002e28   0x000000dc   Code   RO          309    CL$$btod_e2e        c_w.l(btod.o)
    0x08002f04   0x08002f04   0x0000002a   Code   RO          306    CL$$btod_ediv       c_w.l(btod.o)
    0x08002f2e   0x08002f2e   0x0000002a   Code   RO          305    CL$$btod_emul       c_w.l(btod.o)
    0x08002f58   0x08002f58   0x00000244   Code   RO          311    CL$$btod_mult_common  c_w.l(btod.o)
    0x0800319c   0x0800319c   0x00000030   Code   RO          331    i.__ARM_fpclassify  m_wm.l(fpclassify.o)
    0x080031cc   0x080031cc   0x0000009a   Code   RO          234    i.__hardfp_roundf   m_wm.l(roundf.o)
    0x08003266   0x08003266   0x0000000e   Code   RO          207    i._is_digit         c_w.l(__printf_wp.o)
    0x08003274   0x08003274   0x0000002c   Code   RO          327    locale$$code        c_w.l(lc_numeric_c.o)
    0x080032a0   0x080032a0   0x0000002c   Code   RO          340    locale$$code        c_w.l(lc_ctype_c.o)
    0x080032cc   0x080032cc   0x0000000c   Code   RO          259    x$fpl$dretinf       fz_wm.l(dretinf.o)
    0x080032d8   0x080032d8   0x00000056   Code   RO          230    x$fpl$f2d           fz_wm.l(f2d.o)
    0x0800332e   0x0800332e   0x0000008c   Code   RO          261    x$fpl$fnaninf       fz_wm.l(fnaninf.o)
    0x080033ba   0x080033ba   0x0000001a   Code   RO          405    x$fpl$fpinit        fz_wm.l(fpinit.o)
    0x080033d4   0x080033d4   0x00000060   Code   RO          263    x$fpl$frnd          fz_wm.l(frnd.o)
    0x08003434   0x08003434   0x00000004   Code   RO          232    x$fpl$printf1       fz_wm.l(printf1.o)
    0x08003438   0x08003438   0x00000000   Code   RO          265    x$fpl$usenofp       fz_wm.l(usenofp.o)
    0x08003438   0x08003438   0x00000094   Data   RO          300    .constdata          c_w.l(bigflt0.o)
    0x080034cc   0x080034cc   0x00000010   Data   RO          176    .rodata.AHBPrescTable  system_stm32f4xx.o
    0x080034dc   0x080034dc   0x00000100   Data   RO           22    .rodata.str1.1      main_rko.o
    0x080035dc   0x080035dc   0x00000005   Data   RO          104    .rodata.str1.1      my_functions.o
    0x080035e1   0x080035e1   0x00000003   PAD
    0x080035e4   0x080035e4   0x00000020   Data   RO          487    Region$$Table       anon$$obj.o
    0x08003604   0x08003604   0x0000001c   Data   RO          326    locale$$data        c_w.l(lc_numeric_c.o)
    0x08003620   0x08003620   0x00000110   Data   RO          339    locale$$data        c_w.l(lc_ctype_c.o)


    Execution Region ER_RW (Exec base: 0x20000000, Load base: 0x08003730, Size: 0x00000004, Max: 0xffffffff, ABSOLUTE)

    Exec Addr    Load Addr    Size         Type   Attr      Idx    E Section Name        Object

    0x20000000   0x08003730   0x00000004   Data   RW          175    .data.SystemCoreClock  system_stm32f4xx.o


    Execution Region ER_ZI (Exec base: 0x20000008, Load base: 0x08003734, Size: 0x00000838, Max: 0xffffffff, ABSOLUTE)

    Exec Addr    Load Addr    Size         Type   Attr      Idx    E Section Name        Object

    0x20000008        -       0x00000060   Zero   RW          267    .bss                c_w.l(libspace.o)
    0x20000068        -       0x00000004   Zero   RW           14    .bss.ActiveChoice   main_rko.o
    0x2000006c        -       0x00000004   Zero   RW           26    .bss.Average        main_rko.o
    0x20000070        -       0x00000004   Zero   RW           29    .bss.AverageVal     main_rko.o
    0x20000074        -       0x00000004   Zero   RW           23    .bss.Choice         main_rko.o
    0x20000078        -       0x00000004   Zero   RW           25    .bss.Counter        main_rko.o
    0x2000007c        -       0x00000004   Zero   RW           30    .bss.Counter2       main_rko.o
    0x20000080        -       0x00000004   Zero   RW           27    .bss.Counter3       main_rko.o
    0x20000084        -       0x00000004   Zero   RW           16    .bss.CounterSwitch  main_rko.o
    0x20000088        -       0x00000004   Zero   RW           17    .bss.LineHasGoneUp  main_rko.o
    0x2000008c        -       0x00000194   Zero   RW           24    .bss.RunValStore    main_rko.o
    0x20000220        -       0x00000004   Zero   RW           15    .bss.Scroll         main_rko.o
    0x20000224        -       0x00000004   Zero   RW           18    .bss.StopLoop       main_rko.o
    0x20000228        -       0x00000004   Zero   RW           21    .bss.SubMenu        main_rko.o
    0x2000022c        -       0x00000011   Zero   RW           28    .bss.temp           main_rko.o
    0x2000023d   0x08003734   0x00000003   PAD
    0x20000240        -       0x00000200   Zero   RW          162    HEAP                startup_stm32f429xx.o
    0x20000440        -       0x00000400   Zero   RW          161    STACK               startup_stm32f429xx.o


==============================================================================

Image component sizes


      Code (inc. data)   RO Data    RW Data    ZI Data      Debug   Object Name

      1098          0          0          0          0       6221   lcd.o
      2408        332        256          0        469       4921   main_rko.o
       444          0          0          0          0       2857   my_adc.o
        56          0          0          0          0       2295   my_dac.o
       304         40          5          0          0       2471   my_functions.o
      1048          0          0          0          0       2847   my_led.o
      1042          8          0          0          0       2705   my_switch.o
        64         26        428          0       1536        920   startup_stm32f429xx.o
       220          0         16          4          0       2982   system_stm32f4xx.o
       186          0          0          0          0       2957   timers.o

    ----------------------------------------------------------------------
      6894        406        740          4       2008      31176   Object Totals
         0          0         32          0          0          0   (incl. Generated)
        24          0          3          0          3          0   (incl. Padding)

    ----------------------------------------------------------------------

      Code (inc. data)   RO Data    RW Data    ZI Data      Debug   Library Member Name

         8          0          0          0          0         68   __main.o
       284          0          0          0          0        156   __printf_wp.o
         0          0          0          0          0          0   __rtentry.o
        12          0          0          0          0          0   __rtentry2.o
         6          0          0          0          0          0   __rtentry4.o
        94          8          0          0          0          0   __scatter.o
        26          0          0          0          0          0   __scatter_copy.o
        28          0          0          0          0          0   __scatter_zi.o
        28          0          0          0          0         68   _chval.o
        48          6          0          0          0         96   _printf_char_common.o
       120         16          0          0          0         92   _printf_dec.o
         6          0          0          0          0          0   _printf_f.o
      1052          0          0          0          0        148   _printf_fp_dec.o
       128         16          0          0          0         84   _printf_fp_infnan.o
         6          0          0          0          0          0   _printf_i.o
       178          0          0          0          0         88   _printf_intcommon.o
        78          0          0          0          0        108   _printf_pad.o
         0          0          0          0          0          0   _printf_percent.o
         4          0          0          0          0          0   _printf_percent_end.o
        10          0          0          0          0         68   _sputc.o
       158          0          0          0          0         92   _strtoul.o
        26          0          0          0          0         80   atoi.o
       228          4        148          0          0         96   bigflt0.o
      1936        128          0          0          0        668   btod.o
        18          0          0          0          0         80   exit.o
         6          0          0          0          0        152   heapauxi.o
         0          0          0          0          0          0   indicate_semi.o
        44         10        272          0          0         76   lc_ctype_c.o
        44         10         28          0          0         76   lc_numeric_c.o
         2          0          0          0          0          0   libinit.o
        34          0          0          0          0          0   libinit2.o
         2          0          0          0          0          0   libshutdown.o
         2          0          0          0          0          0   libshutdown2.o
         8          4          0          0         96         68   libspace.o
       138          0          0          0          0         80   lludiv10.o
        40          6          0          0          0         84   noretval__2sprintf.o
        16          4          0          0          0         76   rt_ctype_table.o
         8          4          0          0          0         68   rt_errno_addr_intlibspace.o
         8          4          0          0          0         68   rt_locale_intlibspace.o
       100          0          0          0          0         80   rt_memcpy_w.o
       122          0          0          0          0         80   rt_memmove_w.o
         2          0          0          0          0          0   rtexit.o
        10          0          0          0          0          0   rtexit2.o
       124          0          0          0          0         88   strcmpv7em.o
        62          0          0          0          0         76   strlen.o
       112          0          0          0          0         88   strtol.o
        12          4          0          0          0         68   sys_exit.o
        74          0          0          0          0         80   sys_stackheap_outer.o
         2          0          0          0          0         68   use_no_semi.o
        12          0          0          0          0        116   dretinf.o
        86          4          0          0          0        132   f2d.o
       140          4          0          0          0        132   fnaninf.o
        26          0          0          0          0        116   fpinit.o
        96          4          0          0          0        124   frnd.o
         4          0          0          0          0        116   printf1.o
         0          0          0          0          0          0   usenofp.o
        48          0          0          0          0        124   fpclassify.o
       154          0          0          0          0        140   roundf.o

    ----------------------------------------------------------------------
      6046        236        448          0         96       4368   Library Totals
        26          0          0          0          0          0   (incl. Padding)

    ----------------------------------------------------------------------

      Code (inc. data)   RO Data    RW Data    ZI Data      Debug   Library Name

      5454        224        448          0         96       3368   c_w.l
       364         12          0          0          0        736   fz_wm.l
       202          0          0          0          0        264   m_wm.l

    ----------------------------------------------------------------------
      6046        236        448          0         96       4368   Library Totals

    ----------------------------------------------------------------------

==============================================================================


      Code (inc. data)   RO Data    RW Data    ZI Data      Debug   

     12940        642       1188          4       2104      32980   Grand Totals
     12940        642       1188          4       2104      32980   ELF Image Totals
     12940        642       1188          4          0          0   ROM Totals

==============================================================================

    Total RO  Size (Code + RO Data)                14128 (  13.80kB)
    Total RW  Size (RW Data + ZI Data)              2108 (   2.06kB)
    Total ROM Size (Code + RO Data + RW Data)      14132 (  13.80kB)

==============================================================================

